// Jest Snapshot v1, https://goo.gl/fbAQLP

exports[`create-item-modal renders correctly 1`] = `
<div
  className="css-1iw6hgd-Overlay"
>
  <div>
    <div
      className="css-1azzcmy-Modal"
    >
      <header
        className="css-14sl779-Modal"
      >
        <div
          className="css-1f6p2vj-Heading"
        >
          coding_models__create_item_title
        </div>
        <div
          className="css-12vbzj8-Icon"
          dangerouslySetInnerHTML={
            {
              "__html": {},
            }
          }
          onClick={[MockFunction]}
        />
      </header>
      <section
        className="css-1gs9x9w-Modal"
      >
        <div
          className="css-1nnu5tg-Text"
        >
          coding_models__create_item_hint
        </div>
        <div
          className="css-1u69524-CreateItemModal"
        >
          <div
            className="css-1cky3ub-Columns"
          >
            <div
              className="css-1pc62o6-Column"
            >
              <div
                className="css-17as3x0"
                onMouseEnter={[Function]}
                onMouseLeave={[Function]}
              >
                <div
                  className="css-13s2sfk-Heading"
                >
                  title
                </div>
                <div
                  className="css-1unfqpo"
                >
                  <input
                    autoFocus={true}
                    className="css-pkbj54"
                    defaultValue=""
                    disabled={false}
                    name="title"
                    onBlur={[Function]}
                    onChange={[Function]}
                    onFocus={[Function]}
                    placeholder="title"
                    type="text"
                  />
                </div>
              </div>
            </div>
            <div
              className="css-n020ad-Column"
            >
              <div
                className="css-db4v06-ReadonlyActionField"
                data-testid="readonly-action-field"
              >
                <div
                  className="css-1bkess4-ReadonlyActionField"
                >
                  <div
                    className="css-47wnmy-ReadonlyActionField"
                  >
                    coding_models__create_item_label_parent
                  </div>
                </div>
                <div
                  className="content-wrapper css-b45n67-ReadonlyActionField"
                >
                  <div
                    className="content css-ixluzn-ReadonlyActionField"
                  >
                    <div
                      className="css-1sbf56p-Text"
                    >
                      Argumentation (inhaltlich)
                    </div>
                  </div>
                </div>
              </div>
            </div>
          </div>
          <div
            className="css-1mpun9q-CreateItemModal"
          >
            <div
              className="css-lz4b3k-Label"
            >
              coding_models__create_item_label_rating_method
            </div>
            <div
              className="css-1cky3ub-Columns"
            >
              <div
                className="css-1oiyj7r-Column"
              >
                <div
                  className="css-6egt7t-Card"
                  onClick={[Function]}
                >
                  <div
                    className="card-header css-a0e080-CardHeader"
                  >
                    <div
                      className="css-1cygpbo-SelectableCard"
                    >
                      <div
                        className="css-17tkprm-SelectableCard"
                      >
                        <div
                          className="css-1lrzij5-Icon"
                          dangerouslySetInnerHTML={
                            {
                              "__html": {},
                            }
                          }
                        />
                        <div
                          className="css-1f6p2vj-Heading"
                        >
                          coding_models__create_item_label_rating_method_manual_title
                        </div>
                      </div>
                      <div
                        className="radio-button css-aqrmqg-RadioButton"
                      >
                        <div
                          className="css-1dzk059-RadioButton"
                        >
                          <div
                            className="css-1kv9hnx-RadioButton"
                          >
                            <div
                              className="css-1lbkotz-RadioButton"
                            />
                          </div>
                        </div>
                      </div>
                    </div>
                  </div>
                  <div
                    className="css-hpovgn-Text"
                  >
                    coding_models__create_item_label_rating_method_manual_text
                  </div>
                </div>
              </div>
              <div
                className="css-1oiyj7r-Column"
              >
                <div
                  className="css-1h76oty-Card"
                  onClick={[Function]}
                >
                  <div
                    className="card-header css-a0e080-CardHeader"
                  >
                    <div
                      className="css-1cygpbo-SelectableCard"
                    >
                      <div
                        className="css-17tkprm-SelectableCard"
                      >
                        <div
                          className="css-1lrzij5-Icon"
                          dangerouslySetInnerHTML={
                            {
                              "__html": {},
                            }
                          }
                        />
                        <div
                          className="css-1f6p2vj-Heading"
                        >
                          coding_models__create_item_label_rating_method_automatic_title
                        </div>
                      </div>
                      <div
                        className="radio-button css-aqrmqg-RadioButton"
                      >
                        <div
                          className="css-1dzk059-RadioButton"
                        >
                          <div
                            className="css-1kv9hnx-RadioButton"
                          >
                            <div
                              className="css-7sxxnu-RadioButton"
                            />
                          </div>
                        </div>
                      </div>
                    </div>
                  </div>
                  <div
                    className="css-hpovgn-Text"
                  >
                    coding_models__create_item_label_rating_method_automatic_text
                  </div>
                </div>
              </div>
            </div>
          </div>
          <div
            className="css-1s25id-CreateItemModal"
          >
            <div
              className="css-lz4b3k-Label"
            >
              coding_models__create_item_label_rating_type
            </div>
            <div
              className="css-1cky3ub-Columns"
            >
              <div
                className="css-1oiyj7r-Column"
              >
                <div
                  className="css-6egt7t-Card"
                  onClick={[Function]}
                >
                  <div
                    className="card-header css-a0e080-CardHeader"
                  >
                    <div
                      className="css-1cygpbo-SelectableCard"
                    >
                      <div
                        className="css-17tkprm-SelectableCard"
                      >
                        <div
                          className="css-1lrzij5-Icon"
                          dangerouslySetInnerHTML={
                            {
                              "__html": {},
                            }
                          }
                        />
                        <div
                          className="css-1f6p2vj-Heading"
                        >
                          coding_models__create_item_label_rating_type_holistic_title
                        </div>
                      </div>
                      <div
                        className="radio-button css-aqrmqg-RadioButton"
                      >
                        <div
                          className="css-1dzk059-RadioButton"
                        >
                          <div
                            className="css-1kv9hnx-RadioButton"
                          >
                            <div
                              className="css-1lbkotz-RadioButton"
                            />
                          </div>
                        </div>
                      </div>
                    </div>
                  </div>
                  <div
                    className="css-hpovgn-Text"
                  >
                    coding_models__create_item_label_rating_type_holistic_text
                  </div>
                </div>
              </div>
              <div
                className="css-1oiyj7r-Column"
              >
                <div
                  className="css-1h76oty-Card"
                  onClick={[Function]}
                >
                  <div
                    className="card-header css-a0e080-CardHeader"
                  >
                    <div
                      className="css-1cygpbo-SelectableCard"
                    >
                      <div
                        className="css-17tkprm-SelectableCard"
                      >
                        <div
                          className="css-1lrzij5-Icon"
                          dangerouslySetInnerHTML={
                            {
                              "__html": {},
                            }
                          }
                        />
                        <div
                          className="css-1f6p2vj-Heading"
                        >
                          coding_models__create_item_label_rating_type_analytic_title
                        </div>
                      </div>
                      <div
                        className="radio-button css-aqrmqg-RadioButton"
                      >
                        <div
                          className="css-1dzk059-RadioButton"
                        >
                          <div
                            className="css-1kv9hnx-RadioButton"
                          >
                            <div
                              className="css-7sxxnu-RadioButton"
                            />
                          </div>
                        </div>
                      </div>
                    </div>
                  </div>
                  <div
                    className="css-hpovgn-Text"
                  >
                    coding_models__create_item_label_rating_type_analytic_text
                  </div>
                </div>
              </div>
            </div>
          </div>
        </div>
        <div
          className="css-1wsgh5m-CreateItemModal"
        >
          <div
            className="css-lz4b3k-Label"
          >
            coding_models__create_item_label_rating_type_automated_title
          </div>
          <div
            className="css-1cky3ub-Columns"
          >
            <div
              className="css-1oiyj7r-Column"
            >
              <div
                className="css-6egt7t-Card"
                onClick={[Function]}
              >
                <div
                  className="card-header css-a0e080-CardHeader"
                >
                  <div
                    className="css-1cygpbo-SelectableCard"
                  >
                    <div
                      className="css-17tkprm-SelectableCard"
                    >
                      <div
                        className="css-1f6p2vj-Heading"
                      >
                        coding_models__create_item_label_rating_type_automated_document_view
                      </div>
                    </div>
                    <div
                      className="radio-button css-aqrmqg-RadioButton"
                    >
                      <div
                        className="css-1dzk059-RadioButton"
                      >
                        <div
                          className="css-1kv9hnx-RadioButton"
                        >
                          <div
                            className="css-1lbkotz-RadioButton"
                          />
                        </div>
                      </div>
                    </div>
                  </div>
                </div>
                <div
                  className="css-hpovgn-Text"
                >
                  coding_models__create_item_label_rating_type_automated_document_view_hint
                </div>
              </div>
            </div>
            <div
              className="css-1oiyj7r-Column"
            >
              <div
                className="css-1h76oty-Card"
                onClick={[Function]}
              >
                <div
                  className="card-header css-a0e080-CardHeader"
                >
                  <div
                    className="css-1cygpbo-SelectableCard"
                  >
                    <div
                      className="css-17tkprm-SelectableCard"
                    >
                      <div
                        className="css-1f6p2vj-Heading"
                      >
                        coding_models__create_item_label_rating_type_automated_feature_usage
                      </div>
                    </div>
                    <div
                      className="radio-button css-aqrmqg-RadioButton"
                    >
                      <div
                        className="css-1dzk059-RadioButton"
                      >
                        <div
                          className="css-1kv9hnx-RadioButton"
                        >
                          <div
                            className="css-7sxxnu-RadioButton"
                          />
                        </div>
                      </div>
                    </div>
                  </div>
                </div>
                <div
                  className="css-hpovgn-Text"
                >
                  coding_models__create_item_label_rating_type_automated_feature_usage_hint
                </div>
              </div>
            </div>
            <div
              className="css-1oiyj7r-Column"
            >
              <div
                className="css-1h76oty-Card"
                onClick={[Function]}
              >
                <div
                  className="card-header css-a0e080-CardHeader"
                >
                  <div
                    className="css-1cygpbo-SelectableCard"
                  >
                    <div
                      className="css-17tkprm-SelectableCard"
                    >
                      <div
                        className="css-1f6p2vj-Heading"
                      >
                        coding_models__create_item_label_rating_type_automated_tool_usage
                      </div>
                    </div>
                    <div
                      className="radio-button css-aqrmqg-RadioButton"
                    >
                      <div
                        className="css-1dzk059-RadioButton"
                      >
                        <div
                          className="css-1kv9hnx-RadioButton"
                        >
                          <div
                            className="css-7sxxnu-RadioButton"
                          />
                        </div>
                      </div>
                    </div>
                  </div>
                </div>
                <div
                  className="css-hpovgn-Text"
                >
                  coding_models__create_item_label_rating_type_automated_tool_usage_hint
                </div>
              </div>
            </div>
          </div>
          <div
            className="css-193kak8-Columns"
          >
            <div
              className="css-s1bg9q-Column"
            >
              <div
                className="css-1h76oty-Card"
                onClick={[Function]}
              >
                <div
                  className="card-header css-a0e080-CardHeader"
                >
                  <div
                    className="css-1cygpbo-SelectableCard"
                  >
                    <div
                      className="css-17tkprm-SelectableCard"
                    >
                      <div
                        className="css-1f6p2vj-Heading"
                      >
                        coding_models__create_item_label_rating_type_automated_input_value
                      </div>
                    </div>
                    <div
                      className="radio-button css-aqrmqg-RadioButton"
                    >
                      <div
                        className="css-1dzk059-RadioButton"
                      >
                        <div
                          className="css-1kv9hnx-RadioButton"
                        >
                          <div
                            className="css-7sxxnu-RadioButton"
                          />
                        </div>
                      </div>
                    </div>
                  </div>
                </div>
                <div
                  className="css-hpovgn-Text"
                >
                  coding_models__create_item_label_rating_type_automated_input_value_hint
                </div>
              </div>
            </div>
            <div
              className="css-s1bg9q-Column"
            >
              <div
                className="css-1h76oty-Card"
                onClick={[Function]}
              >
                <div
                  className="card-header css-a0e080-CardHeader"
                >
                  <div
                    className="css-1cygpbo-SelectableCard"
                  >
                    <div
                      className="css-17tkprm-SelectableCard"
                    >
                      <div
                        className="css-1f6p2vj-Heading"
                      >
                        coding_models__create_item_label_rating_type_automated_r_script
                      </div>
                    </div>
                    <div
                      className="radio-button css-aqrmqg-RadioButton"
                    >
                      <div
                        className="css-1dzk059-RadioButton"
                      >
                        <div
                          className="css-1kv9hnx-RadioButton"
                        >
                          <div
                            className="css-7sxxnu-RadioButton"
                          />
                        </div>
                      </div>
                    </div>
                  </div>
                </div>
                <div
                  className="css-hpovgn-Text"
                >
                  coding_models__create_item_label_rating_type_automated_r_script_hint
                </div>
              </div>
            </div>
          </div>
        </div>
      </section>
      <div
        className="css-4w1zij-Modal"
      >
        <div />
        <div
          className="css-1m71lk0-Modal"
        >
          <button
            className="css-lazcqb-Button"
            disabled={false}
            onClick={[Function]}
          >
            <div
              className="css-95j2hm-Button"
            >
              cancel_button
            </div>
          </button>
          <button
            className="css-2t2l6c-Button"
            disabled={false}
            onClick={[Function]}
          >
            <div
              className="css-95j2hm-Button"
            >
              create_button
            </div>
          </button>
        </div>
      </div>
    </div>
  </div>
</div>
`;
