// Jest Snapshot v1, https://goo.gl/fbAQLP

exports[`email-client renders correctly with required props 1`] = `
<div
  className="css-1wpvndf-OfficeWindow"
>
  <div
    className="header css-1ydy459-OfficeWindow"
  >
    <div
      className="css-1sdua8l-ToolsHeader"
    >
      <div
        className="css-w2t5un-ToolsHeader"
      >
        <div
          className="css-1ss9q1q-Icon"
          dangerouslySetInnerHTML={
            {
              "__html": {},
            }
          }
        />
        <div
          className="css-1b4s2bm-Text"
        >
          email__title
        </div>
      </div>
      <div
        className="css-w2t5un-ToolsHeader"
      >
        <button
          className="css-1dzgoe2-Button"
          disabled={false}
          onClick={[Function]}
          title="viewer_tools__minimize_tool_label"
        >
          <div
            className="css-95j2hm-Button"
          >
            <div
              className="css-13zef26-Icon"
              dangerouslySetInnerHTML={
                {
                  "__html": {},
                }
              }
            />
          </div>
        </button>
        <button
          className="css-1dzgoe2-Button"
          disabled={false}
          onClick={[Function]}
          title="viewer_tools__close_tool_label"
        >
          <div
            className="css-95j2hm-Button"
          >
            <div
              className="css-13zef26-Icon"
              dangerouslySetInnerHTML={
                {
                  "__html": {},
                }
              }
            />
          </div>
        </button>
      </div>
    </div>
  </div>
  <div
    className="css-oo9ztw-EmailClient"
  >
    <div
      className="css-1d03hdh-WindowActionBar"
    >
      <button
        className="css-177ulv5-Button"
        disabled={false}
        onClick={[Function]}
      >
        <div
          className="css-95j2hm-Button"
        >
          <div
            className="css-kuxry5-Icon"
            dangerouslySetInnerHTML={
              {
                "__html": {},
              }
            }
          />
          <span>
            email__create_new_email
          </span>
        </div>
      </button>
      <div
        className="css-1djk5gb"
        onMouseEnter={[Function]}
        onMouseLeave={[Function]}
      >
        <div
          className="css-14xj2im"
        >
          <input
            className="css-pkbj54"
            defaultValue=""
            disabled={false}
            onBlur={[Function]}
            onChange={[Function]}
            onFocus={[Function]}
            type="text"
          />
          <div
            className="css-v3avn8-Icon"
            dangerouslySetInnerHTML={
              {
                "__html": {},
              }
            }
          />
        </div>
      </div>
    </div>
  </div>
  <div
    className="css-10d0kj1-EmailClient"
  >
    <div
      className="css-1buez09-EmailClient"
    >
      <div
        className="css-9h9iw9-EmailList"
      >
        <div
          className="css-x8u979-EmailList"
        >
          <div
            className="css-fja711-TabButtonBar"
          >
            <div
              className="css-1dz33tb-TabButtonBar"
            >
              <div
                className="css-trp4m8-TabButton"
                onClick={[Function]}
              >
                <div
                  className="css-1cfr0w-TabButton"
                >
                  <div
                    className="css-193p889-TabButton"
                    dangerouslySetInnerHTML={
                      {
                        "__html": {},
                      }
                    }
                  />
                  <span
                    className="css-1sd6zoh-TabButton"
                  >
                    email__incoming (3)
                  </span>
                </div>
                <div
                  className="css-1bveau3-TabButton"
                />
              </div>
              <div
                className="css-trp4m8-TabButton"
                onClick={[Function]}
              >
                <div
                  className="css-1cfr0w-TabButton"
                >
                  <div
                    className="css-1dn6qi0-TabButton"
                    dangerouslySetInnerHTML={
                      {
                        "__html": {},
                      }
                    }
                  />
                  <span
                    className="css-zhened-TabButton"
                  >
                    email__sent (2)
                  </span>
                </div>
                <div
                  className="css-1ch9961-TabButton"
                />
              </div>
              <div
                className="css-trp4m8-TabButton"
                onClick={[Function]}
              >
                <div
                  className="css-1cfr0w-TabButton"
                >
                  <div
                    className="css-1dn6qi0-TabButton"
                    dangerouslySetInnerHTML={
                      {
                        "__html": {},
                      }
                    }
                  />
                  <span
                    className="css-zhened-TabButton"
                  >
                    email__draft (1)
                  </span>
                </div>
                <div
                  className="css-1ch9961-TabButton"
                />
              </div>
              <div
                className="css-trp4m8-TabButton"
                onClick={[Function]}
              >
                <div
                  className="css-1cfr0w-TabButton"
                >
                  <div
                    className="css-1dn6qi0-TabButton"
                    dangerouslySetInnerHTML={
                      {
                        "__html": {},
                      }
                    }
                  />
                  <span
                    className="css-zhened-TabButton"
                  >
                    email__trash (1)
                  </span>
                </div>
                <div
                  className="css-1ch9961-TabButton"
                />
              </div>
            </div>
            <div
              className="css-9qzrqg-EmailList"
            >
              <div
                className="css-t3bqwd-EmailListEntry"
                onClick={[Function]}
              >
                <div
                  className="css-5pl3qu-EmailListEntry"
                >
                  <div
                    className="css-t5swy5-EmailListEntry"
                  >
                    <span
                      className="css-1qipgha-EmailListEntry"
                    >
                      lorem.ispum@dolor.sit
                    </span>
                    <div
                      className="css-klkx3-EmailListEntry"
                    >
                      <span
                        className="css-1qipgha-EmailListEntry"
                      >
                        00:00
                      </span>
                      <div
                        className="css-1ye5fak-EmailListEntry"
                      />
                    </div>
                  </div>
                  <div
                    className="css-n6fk5y-EmailListEntry"
                  >
                    Lorem Ipsum
                  </div>
                </div>
              </div>
              <div
                className="css-rc8o96-EmailListEntry"
                onClick={[Function]}
              >
                <div
                  className="css-5pl3qu-EmailListEntry"
                >
                  <div
                    className="css-t5swy5-EmailListEntry"
                  >
                    <span
                      className="css-1qipgha-EmailListEntry"
                    >
                      dolores.et@ea.rebum
                    </span>
                    <div
                      className="css-klkx3-EmailListEntry"
                    >
                      <span
                        className="css-1qipgha-EmailListEntry"
                      >
                        00:00
                      </span>
                      <div
                        className="css-1ye5fak-EmailListEntry"
                      />
                    </div>
                  </div>
                  <div
                    className="css-n6fk5y-EmailListEntry"
                  >
                    consetetur sadipscing elitr
                  </div>
                </div>
              </div>
              <div
                className="css-rc8o96-EmailListEntry"
                onClick={[Function]}
              >
                <div
                  className="css-5pl3qu-EmailListEntry"
                >
                  <div
                    className="css-t5swy5-EmailListEntry"
                  >
                    <span
                      className="css-1qipgha-EmailListEntry"
                    >
                      dolore.magna@aliquyam.erat
                    </span>
                    <div
                      className="css-klkx3-EmailListEntry"
                    >
                      <span
                        className="css-1qipgha-EmailListEntry"
                      >
                        00:00
                      </span>
                      <div
                        className="css-1ye5fak-EmailListEntry"
                      />
                    </div>
                  </div>
                  <div
                    className="css-n6fk5y-EmailListEntry"
                  >
                    sed diam nonumy eirmod
                  </div>
                </div>
              </div>
            </div>
          </div>
        </div>
        <div
          className="css-oluphq-EmailList"
        />
      </div>
    </div>
    <div
      className="css-zmmyo1-EmailClient"
    >
      <div
        className="css-1ma5gom-EmailDetails"
      >
        <div
          className="css-1o8ni9n-EmailDetails"
        >
          <div
            className="css-1q7n9rj-EmailDetails"
          >
            <div
              className="css-byiev1-EmailDetails"
            >
              <div
                className="css-l0jg45-Icon"
                dangerouslySetInnerHTML={
                  {
                    "__html": {},
                  }
                }
              />
              <span
                className="css-1gi7pdn-EmailDetails"
              >
                lorem.ispum@dolor.sit (00:00)
              </span>
            </div>
            <div
              className="css-byiev1-EmailDetails"
            >
              <button
                className="css-injsqh-Button"
                disabled={false}
                onClick={[Function]}
              >
                <div
                  className="css-95j2hm-Button"
                >
                  <div
                    className="css-kuxry5-Icon"
                    dangerouslySetInnerHTML={
                      {
                        "__html": {},
                      }
                    }
                  />
                  email__reply
                </div>
              </button>
              <div
                className="css-0"
              >
                <div
                  className="css-0"
                  id="tooltip_42"
                >
                  <button
                    className="css-wk1dyn-Button"
                    disabled={false}
                    onClick={[Function]}
                  >
                    <div
                      className="css-95j2hm-Button"
                    >
                      <div
                        className="css-mj8vo1-Icon"
                        dangerouslySetInnerHTML={
                          {
                            "__html": {},
                          }
                        }
                      />
                    </div>
                  </button>
                </div>
                <div
                  className="react-tooltip styles-module_tooltip__mnnfp styles-module_dark__xNqje css-10zyuev-Tooltip"
                  role="tooltip"
                  style={
                    {
                      "backgroundColor": "#2e3032",
                      "zIndex": 1,
                    }
                  }
                >
                  email__move_to_trash
                  <div
                    className="react-tooltip-arrow styles-module_arrow__K0L3T"
                    style={{}}
                  />
                </div>
              </div>
            </div>
          </div>
          <div
            className="css-8xsfnt-EmailInfo"
          >
            <div
              className="css-1qqiksg-EmailInfo"
            >
              <span
                className="css-1rr0dsd-EmailInfo"
              >
                lorem.ispum@dolor.sit
              </span>
              <span>
                email__today (00:00)
              </span>
            </div>
            <div
              className="css-1lgaim4-EmailInfo"
            >
              <span>
                Lorem Ipsum
              </span>
            </div>
            <div
              className="css-skm0np-EmailInfo"
            >
              <div>
                email__to: hasheem.pollastrino@luca-office.de
              </div>
            </div>
          </div>
          <div
            className="css-1tene82-EmailDetails"
          >
            Lorem ipsum dolor sit amet, consetetur sadipscing elitr, sed diam nonumy eirmod tempor invidunt ut labore et dolore magna aliquyam erat, sed diam voluptua. At vero eos et accusam et justo duo dolores et ea rebum. Stet clita kasd gubergren, no sea takimata sanctus est Lorem ipsum dolor sit amet. Lorem ipsum dolor sit amet, consetetur sadipscing elitr, sed diam nonumy eirmod tempor invidunt ut labore et dolore magna aliquyam erat, sed diam voluptua. At vero eos et accusam et justo duo dolores et ea rebum. Stet clita kasd gubergren, no sea takimata sanctus est Lorem ipsum dolor sit amet.
          </div>
        </div>
        <div
          className="css-19w544s-EmailDetails"
        />
      </div>
    </div>
  </div>
  <div
    className="css-pystkl-OfficeWindow"
  />
</div>
`;
