// Jest Snapshot v1, https://goo.gl/fbAQLP

exports[`email-directories-footer renders correctly 1`] = `
<div
  className="css-i92j75-EmailDirectoriesFooter"
>
  <button
    className="css-1g7bm3q-Button"
    disabled={false}
    onClick={[Function]}
  >
    <div
      className="css-95j2hm-Button"
    >
      <div
        className="css-kuxry5-Icon"
        dangerouslySetInnerHTML={
          {
            "__html": {},
          }
        }
      />
      email__create
    </div>
  </button>
  <div
    className="css-tfodgf-Card"
    onClick={[MockFunction]}
  >
    <div>
      <div
        className="css-1ncjjfj-EmailDirectoriesFooter"
      >
        <div
          className="css-1alckey-EmailDirectoriesFooter"
        >
          <div
            className="css-1pfqrtn-Icon"
            dangerouslySetInnerHTML={
              {
                "__html": {},
              }
            }
          />
        </div>
        <div
          className="css-o1ztwf-EmailDirectoriesFooter"
        >
          <div
            className="css-12h5y5y-EmailDirectoriesFooter"
          >
            <div
              className="css-v72vvz-EmailDirectoriesFooter"
            >
              email__introduction_email_label_defined
            </div>
            <div
              className="css-1lx4te-Icon"
              dangerouslySetInnerHTML={
                {
                  "__html": {},
                }
              }
            />
          </div>
          <div
            className="css-1c4pujs-EmailDirectoriesFooter"
          >
            email__introduction_email_info
          </div>
        </div>
      </div>
      <div />
    </div>
    <div />
  </div>
</div>
`;
