// Jest Snapshot v1, https://goo.gl/fbAQLP

exports[`scenario-settings renders correctly 1`] = `
<div
  className="css-448qhr-DetailViewCard"
>
  <div
    className="css-njxlss-LabelledCard"
  >
    <div
      className="css-lz4b3k-Label"
    >
      scenario_details__settings_label
    </div>
    <div
      className="css-1dmlxz8-Card"
    >
      <div
        className="card-header css-1gsm478-CardHeader"
      />
      <div
        className="card-content css-1vlcwyz-DetailViewCard"
      >
        <div
          className="css-1105yyi-ScenarioSettings"
        >
          <div
            className="css-c70e0x-Card"
            onClick={[MockFunction]}
          >
            <div>
              <div
                className="card-header css-1x5pyem-CardHeader"
              >
                <div
                  className="css-1b415o5-OverviewCard"
                >
                  <div
                    className="css-1i6jmor-Heading"
                  >
                    scenario_details__settings_label_sample_company
                  </div>
                </div>
                <div
                  className="css-1ultbtj-SettingsHeaderIcons"
                >
                  <div
                    className="css-l0jg45-Icon"
                    dangerouslySetInnerHTML={
                      {
                        "__html": {},
                      }
                    }
                  />
                  <div
                    className="css-l0jg45-Icon"
                    dangerouslySetInnerHTML={
                      {
                        "__html": {},
                      }
                    }
                  />
                  <div
                    className="css-l0jg45-Icon"
                    dangerouslySetInnerHTML={
                      {
                        "__html": {},
                      }
                    }
                  />
                </div>
              </div>
              <div>
                <div
                  className="css-1v230f2-Text"
                >
                  scenario_details__settings_sample_company_description
                </div>
              </div>
            </div>
            <div>
              <div
                className="card-footer css-texso5-CardFooter"
              >
                <div
                  className="css-1rku91j-CardFooterItem"
                >
                  <div
                    className="css-1lrzij5-Icon"
                    dangerouslySetInnerHTML={
                      {
                        "__html": {},
                      }
                    }
                  />
                  <div
                    className="css-1de4iva-Text"
                  >
                    scenario_details__settings_card_footer_label_files
                  </div>
                </div>
                <div
                  className="css-lpoiel-CardFooterItem"
                >
                  <div
                    className="css-l0jg45-Icon"
                    dangerouslySetInnerHTML={
                      {
                        "__html": {},
                      }
                    }
                  />
                </div>
              </div>
            </div>
          </div>
          <div
            className="css-c70e0x-Card"
            onClick={[Function]}
          >
            <div>
              <div
                className="card-header css-1x5pyem-CardHeader"
              >
                <div
                  className="css-1b415o5-OverviewCard"
                >
                  <div
                    className="css-1i6jmor-Heading"
                  >
                    scenario_details__settings_label_emails
                  </div>
                </div>
                <div
                  className="css-1ultbtj-SettingsHeaderIcons"
                >
                  <div
                    className="css-l0jg45-Icon"
                    dangerouslySetInnerHTML={
                      {
                        "__html": {},
                      }
                    }
                  />
                  <div
                    className="css-l0jg45-Icon"
                    dangerouslySetInnerHTML={
                      {
                        "__html": {},
                      }
                    }
                  />
                  <div
                    className="css-l0jg45-Icon"
                    dangerouslySetInnerHTML={
                      {
                        "__html": {},
                      }
                    }
                  />
                </div>
              </div>
              <div>
                <div
                  className="css-1v230f2-Text"
                >
                  scenario_details__settings_emails_description
                </div>
              </div>
            </div>
            <div>
              <div
                className="card-footer css-texso5-CardFooter"
              >
                <div
                  className="css-1rku91j-CardFooterItem"
                >
                  <div
                    className="css-1lrzij5-Icon"
                    dangerouslySetInnerHTML={
                      {
                        "__html": {},
                      }
                    }
                  />
                  <div
                    className="css-1de4iva-Text"
                  >
                    12 scenario_details__settings_card_footer_label_mails
                  </div>
                </div>
                <div
                  className="css-lpoiel-CardFooterItem"
                >
                  <div
                    className="css-l0jg45-Icon"
                    dangerouslySetInnerHTML={
                      {
                        "__html": {},
                      }
                    }
                  />
                </div>
              </div>
            </div>
          </div>
          <div
            className="css-c70e0x-Card"
            onClick={[MockFunction]}
          >
            <div>
              <div
                className="card-header css-1x5pyem-CardHeader"
              >
                <div
                  className="css-1b415o5-OverviewCard"
                >
                  <div
                    className="css-1i6jmor-Heading"
                  >
                    scenario_details__settings_label_files_and_directories
                  </div>
                </div>
                <div
                  className="css-1ultbtj-SettingsHeaderIcons"
                >
                  <div
                    className="css-l0jg45-Icon"
                    dangerouslySetInnerHTML={
                      {
                        "__html": {},
                      }
                    }
                  />
                </div>
              </div>
              <div>
                <div
                  className="css-1v230f2-Text"
                >
                  scenario_details__settings_files_and_directories_description
                </div>
              </div>
            </div>
            <div>
              <div
                className="card-footer css-texso5-CardFooter"
              >
                <div
                  className="css-1rku91j-CardFooterItem"
                >
                  <div
                    className="css-1lrzij5-Icon"
                    dangerouslySetInnerHTML={
                      {
                        "__html": {},
                      }
                    }
                  />
                  <div
                    className="css-1de4iva-Text"
                  >
                    5 scenario_details__settings_card_footer_label_directories
                  </div>
                </div>
                <div
                  className="css-1rku91j-CardFooterItem"
                >
                  <div
                    className="css-1lrzij5-Icon"
                    dangerouslySetInnerHTML={
                      {
                        "__html": {},
                      }
                    }
                  />
                  <div
                    className="css-1de4iva-Text"
                  >
                    scenario_details__settings_card_footer_label_files
                  </div>
                </div>
                <div
                  className="css-lpoiel-CardFooterItem"
                >
                  <div
                    className="css-l0jg45-Icon"
                    dangerouslySetInnerHTML={
                      {
                        "__html": {},
                      }
                    }
                  />
                </div>
              </div>
            </div>
          </div>
          <div
            className="css-c70e0x-Card"
            onClick={[Function]}
          >
            <div>
              <div
                className="card-header css-1x5pyem-CardHeader"
              >
                <div
                  className="css-1b415o5-OverviewCard"
                >
                  <div
                    className="css-1i6jmor-Heading"
                  >
                    scenario_details__settings_label_reference_books
                  </div>
                </div>
                <div
                  className="css-1ultbtj-SettingsHeaderIcons"
                >
                  <div
                    className="css-l0jg45-Icon"
                    dangerouslySetInnerHTML={
                      {
                        "__html": {},
                      }
                    }
                  />
                  <div
                    className="css-l0jg45-Icon"
                    dangerouslySetInnerHTML={
                      {
                        "__html": {},
                      }
                    }
                  />
                </div>
              </div>
              <div>
                <div
                  className="css-1v230f2-Text"
                >
                  scenario_details__settings_reference_books_description
                </div>
              </div>
            </div>
            <div>
              <div
                className="card-footer css-texso5-CardFooter"
              >
                <div
                  className="css-1rku91j-CardFooterItem"
                >
                  <div
                    className="css-1lrzij5-Icon"
                    dangerouslySetInnerHTML={
                      {
                        "__html": {},
                      }
                    }
                  />
                  <div
                    className="css-1de4iva-Text"
                  >
                    5 scenario_details__settings_card_footer_label_reference_books
                  </div>
                </div>
                <div
                  className="css-lpoiel-CardFooterItem"
                >
                  <div
                    className="css-l0jg45-Icon"
                    dangerouslySetInnerHTML={
                      {
                        "__html": {},
                      }
                    }
                  />
                </div>
              </div>
            </div>
          </div>
          <div
            className="css-1mr3677-Card"
            onClick={[Function]}
          >
            <div>
              <div
                className="card-header css-1x5pyem-CardHeader"
              >
                <div
                  className="css-1b415o5-OverviewCard"
                >
                  <div
                    className="css-1i6jmor-Heading"
                  >
                    scenario_details__settings_label_interventions
                  </div>
                </div>
                <div
                  className="css-1ultbtj-SettingsHeaderIcons"
                >
                  <div
                    className="css-l0jg45-Icon"
                    dangerouslySetInnerHTML={
                      {
                        "__html": {},
                      }
                    }
                  />
                  <div
                    className="css-l0jg45-Icon"
                    dangerouslySetInnerHTML={
                      {
                        "__html": {},
                      }
                    }
                  />
                  <div
                    className="css-l0jg45-Icon"
                    dangerouslySetInnerHTML={
                      {
                        "__html": {},
                      }
                    }
                  />
                </div>
              </div>
              <div>
                <div
                  className="css-1v230f2-Text"
                >
                  scenario_details__settings_interventions_description
                </div>
              </div>
            </div>
            <div>
              <div
                className="card-footer css-texso5-CardFooter"
              >
                <div
                  className="css-1rku91j-CardFooterItem"
                >
                  <div
                    className="css-1lrzij5-Icon"
                    dangerouslySetInnerHTML={
                      {
                        "__html": {},
                      }
                    }
                  />
                  <div
                    className="css-1de4iva-Text"
                  >
                    0 scenario_details__settings_card_footer_label_interventions
                  </div>
                </div>
                <div
                  className="css-lpoiel-CardFooterItem"
                >
                  <div
                    className="css-l0jg45-Icon"
                    dangerouslySetInnerHTML={
                      {
                        "__html": {},
                      }
                    }
                  />
                </div>
              </div>
            </div>
          </div>
          <div
            className="css-1vkj32h-Card"
            onClick={[MockFunction]}
          >
            <div>
              <div
                className="card-header css-1x5pyem-CardHeader"
              >
                <div
                  className="css-1b415o5-OverviewCard"
                >
                  <div
                    className="css-1i6jmor-Heading"
                  >
                    scenario_details__settings_label_instructions
                  </div>
                </div>
              </div>
              <div>
                <div
                  className="css-1v230f2-Text"
                >
                  scenario_details__settings_instructions_description
                </div>
              </div>
            </div>
            <div>
              <div
                className="card-footer css-texso5-CardFooter"
              >
                <div
                  className="css-1rku91j-CardFooterItem"
                >
                  <div
                    className="css-1lrzij5-Icon"
                    dangerouslySetInnerHTML={
                      {
                        "__html": {},
                      }
                    }
                  />
                  <div
                    className="css-1de4iva-Text"
                  >
                    3 scenario_details__settings_card_footer_label_dimensions
                  </div>
                </div>
                <div
                  className="css-lpoiel-CardFooterItem"
                >
                  <div
                    className="css-l0jg45-Icon"
                    dangerouslySetInnerHTML={
                      {
                        "__html": {},
                      }
                    }
                  />
                </div>
              </div>
            </div>
          </div>
          <div
            className="css-c70e0x-Card"
            onClick={[Function]}
          >
            <div>
              <div
                className="card-header css-1x5pyem-CardHeader"
              >
                <div
                  className="css-1b415o5-OverviewCard"
                >
                  <div
                    className="css-1i6jmor-Heading"
                  >
                    scenario_details__settings_label_events
                  </div>
                </div>
              </div>
              <div>
                <div
                  className="css-1v230f2-Text"
                >
                  scenario_details__settings_events_description
                </div>
              </div>
            </div>
            <div>
              <div
                className="card-footer css-texso5-CardFooter"
              >
                <div
                  className="css-1rku91j-CardFooterItem"
                >
                  <div
                    className="css-1lrzij5-Icon"
                    dangerouslySetInnerHTML={
                      {
                        "__html": {},
                      }
                    }
                  />
                  <div
                    className="css-1de4iva-Text"
                  >
                    12 scenario_details__settings_card_footer_label_events
                  </div>
                </div>
                <div
                  className="css-lpoiel-CardFooterItem"
                >
                  <div
                    className="css-l0jg45-Icon"
                    dangerouslySetInnerHTML={
                      {
                        "__html": {},
                      }
                    }
                  />
                </div>
              </div>
            </div>
          </div>
        </div>
      </div>
      <div
        className="css-14sse2x-SettingsFooter"
      >
        <div
          className="css-tmfuw6-SettingsFooter"
        >
          <div
            className="css-edekix-Icon"
            dangerouslySetInnerHTML={
              {
                "__html": {},
              }
            }
          />
          <div
            className="css-edekix-Icon"
            dangerouslySetInnerHTML={
              {
                "__html": {},
              }
            }
          />
          <div
            className="css-edekix-Icon"
            dangerouslySetInnerHTML={
              {
                "__html": {},
              }
            }
          />
          <div
            className="css-edekix-Icon"
            dangerouslySetInnerHTML={
              {
                "__html": {},
              }
            }
          />
          <div
            className="css-edekix-Icon"
            dangerouslySetInnerHTML={
              {
                "__html": {},
              }
            }
          />
          <div
            className="css-dpj2d0-SettingsFooter"
          />
          <div
            className="css-edekix-Icon"
            dangerouslySetInnerHTML={
              {
                "__html": {},
              }
            }
          />
          <div
            className="css-edekix-Icon"
            dangerouslySetInnerHTML={
              {
                "__html": {},
              }
            }
          />
          <div
            className="css-edekix-Icon"
            dangerouslySetInnerHTML={
              {
                "__html": {},
              }
            }
          />
          <div
            className="css-edekix-Icon"
            dangerouslySetInnerHTML={
              {
                "__html": {},
              }
            }
          />
          <div
            className="css-edekix-Icon"
            dangerouslySetInnerHTML={
              {
                "__html": {},
              }
            }
          />
          <div
            className="css-edekix-Icon"
            dangerouslySetInnerHTML={
              {
                "__html": {},
              }
            }
          />
        </div>
      </div>
    </div>
  </div>
</div>
`;
