// Jest Snapshot v1, https://goo.gl/fbAQLP

exports[`settings-footer renders correctly 1`] = `
<div
  className="css-14sse2x-SettingsFooter"
>
  <div
    className="css-tmfuw6-SettingsFooter"
  >
    <div
      className="css-edekix-Icon"
      dangerouslySetInnerHTML={
        {
          "__html": {},
        }
      }
    />
    <div
      className="css-edekix-Icon"
      dangerouslySetInnerHTML={
        {
          "__html": {},
        }
      }
    />
    <div
      className="css-edekix-Icon"
      dangerouslySetInnerHTML={
        {
          "__html": {},
        }
      }
    />
    <div
      className="css-edekix-Icon"
      dangerouslySetInnerHTML={
        {
          "__html": {},
        }
      }
    />
    <div
      className="css-edekix-Icon"
      dangerouslySetInnerHTML={
        {
          "__html": {},
        }
      }
    />
    <div
      className="css-dpj2d0-SettingsFooter"
    />
    <div
      className="css-edekix-Icon"
      dangerouslySetInnerHTML={
        {
          "__html": {},
        }
      }
    />
    <div
      className="css-152pr04-Icon"
      dangerouslySetInnerHTML={
        {
          "__html": {},
        }
      }
    />
    <div
      className="css-152pr04-Icon"
      dangerouslySetInnerHTML={
        {
          "__html": {},
        }
      }
    />
    <div
      className="css-edekix-Icon"
      dangerouslySetInnerHTML={
        {
          "__html": {},
        }
      }
    />
    <div
      className="css-edekix-Icon"
      dangerouslySetInnerHTML={
        {
          "__html": {},
        }
      }
    />
    <div
      className="css-edekix-Icon"
      dangerouslySetInnerHTML={
        {
          "__html": {},
        }
      }
    />
  </div>
</div>
`;
