// Jest Snapshot v1, https://goo.gl/fbAQLP

exports[`events-delay-modal renders correctly 1`] = `
<div
  className="css-1iw6hgd-Overlay"
>
  <div
    className="css-1iw6hgd-Overlay"
  >
    <div>
      <div
        className="css-1yjl9p0-Modal"
      >
        <header
          className="css-14sl779-Modal"
        >
          <div
            className="css-1f6p2vj-Heading"
          >
            events__delay_modal_title
          </div>
          <div
            className="css-12vbzj8-Icon"
            dangerouslySetInnerHTML={
              {
                "__html": {},
              }
            }
            onClick={[MockFunction]}
          />
        </header>
        <section
          className="css-1gs9x9w-Modal"
        >
          <div>
            <div
              className="css-fmthw-Text"
            >
              events__delay_modal_text
            </div>
            <div
              className="css-1mazg1o-EventDelayModal"
            >
              <div
                className="css-112eukm-Text"
              >
                events__delay_modal_delay_section_title
              </div>
              <div
                className="css-1wgo9do-EventDelayModal"
              >
                <div
                  className="css-0"
                  id="tooltip_42"
                >
                  <div
                    className="css-557pd0"
                    data-testid="custom-select"
                  >
                    <div
                      className="css-0"
                    >
                      <div
                        className="css-13s2sfk-Heading"
                      >
                        events__delay_modal_delay_unit
                      </div>
                    </div>
                    <div
                      className="css-18vooac"
                      onMouseEnter={[Function]}
                      onMouseLeave={[Function]}
                    >
                      <div
                        className="custom-select css-3iigni-container"
                        onKeyDown={[Function]}
                      >
                        <span
                          className="css-1f43avz-a11yText-A11yText"
                          id="react-select-2-live-region"
                        />
                        <span
                          aria-atomic="false"
                          aria-live="polite"
                          aria-relevant="additions text"
                          className="css-1f43avz-a11yText-A11yText"
                        />
                        <div
                          className=" css-18ls6q0-control"
                          onMouseDown={[Function]}
                          onTouchEnd={[Function]}
                        >
                          <div
                            className=" css-1fdsijx-ValueContainer"
                          >
                            <div
                              className="single-value css-8gog0w-singleValue"
                            >
                              TestLabel
                            </div>
                            <input
                              aria-autocomplete="list"
                              aria-expanded={false}
                              aria-haspopup={true}
                              aria-readonly={true}
                              className="css-mohuvp-dummyInput-DummyInput"
                              disabled={true}
                              id="react-select-2-input"
                              inputMode="none"
                              onBlur={[Function]}
                              onChange={[Function]}
                              onFocus={[Function]}
                              role="combobox"
                              tabIndex={0}
                              value=""
                            />
                          </div>
                          <div
                            className=" css-1hb7zxy-IndicatorsContainer"
                          >
                            <span
                              className=" css-qts9v9-indicatorSeparator"
                            />
                            <div
                              aria-hidden="true"
                              className=" css-1xc3v61-indicatorContainer"
                              onMouseDown={[Function]}
                              onTouchEnd={[Function]}
                            >
                              <div
                                className="css-l0jg45-Icon"
                                dangerouslySetInnerHTML={
                                  {
                                    "__html": {},
                                  }
                                }
                              />
                            </div>
                          </div>
                        </div>
                      </div>
                    </div>
                  </div>
                </div>
                <div
                  className="react-tooltip styles-module_tooltip__mnnfp styles-module_dark__xNqje css-10zyuev-Tooltip"
                  role="tooltip"
                  style={
                    {
                      "backgroundColor": "#2e3032",
                      "zIndex": 1,
                    }
                  }
                >
                  events__delay_modal_tooltip
                  <div
                    className="react-tooltip-arrow styles-module_arrow__K0L3T"
                    style={{}}
                  />
                </div>
                <div>
                  <div
                    className="css-17as3x0"
                    onMouseEnter={[Function]}
                    onMouseLeave={[Function]}
                  >
                    <div
                      className="css-13s2sfk-Heading"
                    >
                      events__delay_modal_delay_title
                    </div>
                    <div
                      className="css-1unfqpo"
                    >
                      <input
                        className="css-1boelfn"
                        defaultValue=""
                        disabled={false}
                        name="delay"
                        onBlur={[Function]}
                        onChange={[Function]}
                        onFocus={[Function]}
                        type="number"
                      />
                    </div>
                  </div>
                </div>
              </div>
            </div>
          </div>
        </section>
        <footer
          className="css-ukdqb3-Modal"
        >
          <button
            className="cancel-button css-a1i4d5-Button"
            disabled={false}
            onClick={[Function]}
          >
            <div
              className="css-95j2hm-Button"
            >
              cancel
            </div>
          </button>
          <button
            className="confirm-button css-1ex7tyh-Button"
            disabled={false}
            onClick={[Function]}
          >
            <div
              className="css-95j2hm-Button"
            >
              create_button
            </div>
          </button>
        </footer>
      </div>
    </div>
  </div>
</div>
`;
