// Jest Snapshot v1, https://goo.gl/fbAQLP

exports[`EmailBodySettingSelection renders correctly 1`] = `
<div
  className="css-6yjegf-EmailBodySettingSelection"
>
  <div
    className="css-sxsoma-EmailBodySettingSelection"
  >
    label
  </div>
  <div
    className="css-1cir9sb-EmailBodySettingSelection"
  >
    <div
      className="css-ieaajq"
      data-testid="custom-select"
    >
      <div
        className="css-0"
      />
      <div
        className="css-18vooac"
        onMouseEnter={[Function]}
        onMouseLeave={[Function]}
      >
        <div
          className="custom-select css-b62m3t-container"
          onKeyDown={[Function]}
        >
          <span
            className="css-1f43avz-a11yText-A11yText"
            id="react-select-2-live-region"
          />
          <span
            aria-atomic="false"
            aria-live="polite"
            aria-relevant="additions text"
            className="css-1f43avz-a11yText-A11yText"
          />
          <div
            className=" css-hcjlld-control"
            onMouseDown={[Function]}
            onTouchEnd={[Function]}
          >
            <div
              className=" css-1fdsijx-ValueContainer"
            >
              <div
                className=" css-1jqq78o-placeholder"
                id="react-select-2-placeholder"
              >
                select__placeholder
              </div>
              <input
                aria-autocomplete="list"
                aria-describedby="react-select-2-placeholder"
                aria-expanded={false}
                aria-haspopup={true}
                aria-readonly={true}
                className="css-mohuvp-dummyInput-DummyInput"
                disabled={false}
                id="react-select-2-input"
                inputMode="none"
                onBlur={[Function]}
                onChange={[Function]}
                onFocus={[Function]}
                role="combobox"
                tabIndex={0}
                value=""
              />
            </div>
            <div
              className=" css-1hb7zxy-IndicatorsContainer"
            >
              <span
                className=" css-1uei4ir-indicatorSeparator"
              />
              <div
                aria-hidden="true"
                className=" css-1xc3v61-indicatorContainer"
                onMouseDown={[Function]}
                onTouchEnd={[Function]}
              >
                <div
                  className="css-l0jg45-Icon"
                  dangerouslySetInnerHTML={
                    {
                      "__html": {},
                    }
                  }
                />
              </div>
            </div>
          </div>
        </div>
      </div>
    </div>
  </div>
</div>
`;
