// Jest Snapshot v1, https://goo.gl/fbAQLP

exports[`edit-user-claims-modal renders correctly 1`] = `
<div
  className="css-1iw6hgd-Overlay"
>
  <div>
    <div
      className="css-1baixnv-Modal"
    >
      <header
        className="css-kp0pv5-Modal"
      >
        <div
          className="css-1f6p2vj-Heading"
        >
          John Doe (mr)
        </div>
        <div
          className="css-12vbzj8-Icon"
          dangerouslySetInnerHTML={
            {
              "__html": {},
            }
          }
          onClick={[MockFunction]}
        />
      </header>
      <section
        className="css-1gs9x9w-Modal"
      >
        <div
          className="css-tt8oek-EditUserClaimsModal"
        >
          <div
            className="css-11ru64-EditUserClaimsModal"
          >
            <div
              className="css-lz4b3k-Label"
            >
              user_management__user_information_label
            </div>
            <div
              className="css-qnyrc1-Icon"
              dangerouslySetInnerHTML={
                {
                  "__html": {},
                }
              }
            />
          </div>
          <div>
            <div
              className="css-1eksi13-Paper"
            >
              <div
                className="css-193kak8-Columns"
              >
                <div
                  className="css-1oiyj7r-Column"
                >
                  <div
                    className="css-1v0z0k-ReadonlyActionField"
                    data-testid="readonly-action-field"
                  >
                    <div
                      className="css-1bkess4-ReadonlyActionField"
                    >
                      <div
                        className="css-47wnmy-ReadonlyActionField"
                      >
                        user_management__table_header_username
                      </div>
                    </div>
                    <div
                      className="content-wrapper css-b45n67-ReadonlyActionField"
                    >
                      <div
                        className="content css-1147qp7-ReadonlyActionField"
                      >
                        <div
                          className="css-17zbm7y-Text"
                        >
                          John Doe
                        </div>
                      </div>
                    </div>
                  </div>
                </div>
                <div
                  className="css-1oiyj7r-Column"
                >
                  <div
                    className="css-1v0z0k-ReadonlyActionField"
                    data-testid="readonly-action-field"
                  >
                    <div
                      className="css-1bkess4-ReadonlyActionField"
                    >
                      <div
                        className="css-47wnmy-ReadonlyActionField"
                      >
                        salutation
                      </div>
                    </div>
                    <div
                      className="content-wrapper css-b45n67-ReadonlyActionField"
                    >
                      <div
                        className="content css-1147qp7-ReadonlyActionField"
                      >
                        <div
                          className="css-17zbm7y-Text"
                        >
                          mr
                        </div>
                      </div>
                    </div>
                  </div>
                </div>
                <div
                  className="css-1oiyj7r-Column"
                >
                  <div
                    className="css-1v0z0k-ReadonlyActionField"
                    data-testid="readonly-action-field"
                  >
                    <div
                      className="css-1bkess4-ReadonlyActionField"
                    >
                      <div
                        className="css-47wnmy-ReadonlyActionField"
                      >
                        email
                      </div>
                    </div>
                    <div
                      className="content-wrapper css-b45n67-ReadonlyActionField"
                    >
                      <div
                        className="content css-1147qp7-ReadonlyActionField"
                      >
                        <div
                          className="css-17zbm7y-Text"
                        >
                          test-user@cap3.de
                        </div>
                      </div>
                    </div>
                  </div>
                </div>
              </div>
              <div
                className="css-193kak8-Columns"
              >
                <div
                  className="css-kk53pm-Column"
                >
                  <div
                    className="css-1v0z0k-ReadonlyActionField"
                    data-testid="readonly-action-field"
                  >
                    <div
                      className="css-1bkess4-ReadonlyActionField"
                    >
                      <div
                        className="css-47wnmy-ReadonlyActionField"
                      >
                        organization
                      </div>
                    </div>
                    <div
                      className="content-wrapper css-b45n67-ReadonlyActionField"
                    >
                      <div
                        className="content css-1147qp7-ReadonlyActionField"
                      >
                        <div
                          className="css-17zbm7y-Text"
                        >
                          Cap3 GmbH
                        </div>
                      </div>
                    </div>
                  </div>
                </div>
              </div>
            </div>
          </div>
          <div
            className="css-11ru64-EditUserClaimsModal"
          >
            <div
              className="css-lz4b3k-Label"
            >
              user_management__filter_header
            </div>
            <div
              className="css-qnyrc1-Icon"
              dangerouslySetInnerHTML={
                {
                  "__html": {},
                }
              }
            />
          </div>
          <div
            className="css-19idxc3-EditUserClaimsModal"
          >
            <div
              className="css-11rtnhh-Card"
              onClick={[Function]}
            >
              <div
                className="card-header css-a0e080-CardHeader"
              >
                <div
                  className="css-1cygpbo-SelectableCard"
                >
                  <div
                    className="css-17tkprm-SelectableCard"
                  >
                    <div
                      className="css-1lrzij5-Icon"
                      dangerouslySetInnerHTML={
                        {
                          "__html": {},
                        }
                      }
                    />
                    <div
                      className="css-1f6p2vj-Heading"
                    >
                      user_management__filter_label_management
                    </div>
                  </div>
                  <div
                    className="css-l0jg45-Icon"
                    dangerouslySetInnerHTML={
                      {
                        "__html": {},
                      }
                    }
                  />
                </div>
              </div>
              <div
                className="css-hpovgn-Text"
              >
                user_management__edit_user_claims_manage
              </div>
            </div>
            <div
              className="css-pau6mo-Card"
              onClick={[Function]}
            >
              <div
                className="card-header css-a0e080-CardHeader"
              >
                <div
                  className="css-1cygpbo-SelectableCard"
                >
                  <div
                    className="css-17tkprm-SelectableCard"
                  >
                    <div
                      className="css-1lrzij5-Icon"
                      dangerouslySetInnerHTML={
                        {
                          "__html": {},
                        }
                      }
                    />
                    <div
                      className="css-1f6p2vj-Heading"
                    >
                      user_management__filter_label_archive
                    </div>
                  </div>
                </div>
              </div>
              <div
                className="css-hpovgn-Text"
              >
                user_management__edit_user_claims_archive
              </div>
            </div>
            <div
              className="css-pau6mo-Card"
              onClick={[Function]}
            >
              <div
                className="card-header css-a0e080-CardHeader"
              >
                <div
                  className="css-1cygpbo-SelectableCard"
                >
                  <div
                    className="css-17tkprm-SelectableCard"
                  >
                    <div
                      className="css-1lrzij5-Icon"
                      dangerouslySetInnerHTML={
                        {
                          "__html": {},
                        }
                      }
                    />
                    <div
                      className="css-1f6p2vj-Heading"
                    >
                      user_management__filter_label_finalize
                    </div>
                  </div>
                </div>
              </div>
              <div
                className="css-hpovgn-Text"
              >
                user_management__edit_user_claims_finalize
              </div>
            </div>
            <div
              className="css-pau6mo-Card"
              onClick={[Function]}
            >
              <div
                className="card-header css-a0e080-CardHeader"
              >
                <div
                  className="css-1cygpbo-SelectableCard"
                >
                  <div
                    className="css-17tkprm-SelectableCard"
                  >
                    <div
                      className="css-1lrzij5-Icon"
                      dangerouslySetInnerHTML={
                        {
                          "__html": {},
                        }
                      }
                    />
                    <div
                      className="css-1f6p2vj-Heading"
                    >
                      user_management__filter_label_r_scripts
                    </div>
                  </div>
                </div>
              </div>
              <div
                className="css-hpovgn-Text"
              >
                user_management__edit_user_claims_r_scripts
              </div>
            </div>
          </div>
        </div>
      </section>
      <footer
        className="css-1s9xxzk-Modal"
      >
        <button
          className="cancel-button css-a1i4d5-Button"
          disabled={false}
          onClick={[Function]}
        >
          <div
            className="css-95j2hm-Button"
          >
            cancel_button
          </div>
        </button>
        <button
          className="confirm-button css-1ex7tyh-Button"
          disabled={false}
          onClick={[Function]}
        >
          <div
            className="css-95j2hm-Button"
          >
            confirm_button
          </div>
        </button>
      </footer>
    </div>
  </div>
</div>
`;
