// Jest Snapshot v1, https://goo.gl/fbAQLP

exports[`sample-company-domain-signature renders correctly 1`] = `
<div
  className="css-yig3et-SampleCompanyDomainSignature"
>
  <div
    className="content css-1m6jcw1-Content"
  >
    <div
      className="css-ul982y-DetailViewHeader"
    >
      <button
        className="css-rmd9d0-Button"
        disabled={false}
        onClick={[Function]}
      >
        <div
          className="css-95j2hm-Button"
        >
          <div
            className="css-1lrzij5-Icon"
            dangerouslySetInnerHTML={
              {
                "__html": {},
              }
            }
          />
          <div
            className="css-u7npei-DetailViewHeader"
          >
            sample_companies__filter_title
          </div>
        </div>
      </button>
      <div
        className="css-tqo6e0-DetailViewHeader"
      >
        sample_companies__detail_settings_email_signature
      </div>
    </div>
    <div
      className="content-container css-mo8kw2-Content"
    >
      <div
        className="css-1yt7gy2-Card"
      >
        <div
          className="card-header css-gx97a8-CardHeader"
        >
          <div
            className="css-6ffxwk-HeaderContentContainer"
          >
            <div
              className="css-1lrzij5-Icon"
              dangerouslySetInnerHTML={
                {
                  "__html": {},
                }
              }
            />
            <div
              className="css-1i6jmor-Heading"
            >
              sample_companies__detail_settings_email_signature_title
            </div>
          </div>
          <div
            className="css-vci41q-HeaderContentContainer"
          >
            <div
              className="css-0"
            >
              <button
                className="css-18ms12h-Button"
                disabled={true}
                onClick={[Function]}
              >
                <div
                  className="css-95j2hm-Button"
                >
                  <div
                    className="css-mj8vo1-Icon"
                    dangerouslySetInnerHTML={
                      {
                        "__html": {},
                      }
                    }
                  />
                </div>
              </button>
            </div>
          </div>
        </div>
        <div
          className="css-7cmc7n-HeaderContentContainer"
        >
          <div
            className="css-2hooq6-SampleCompanyDomainSignature"
          >
            <div
              className="css-17zbm7y-Text"
            >
              sample_companies__detail_settings_email_signature_desc_detail
            </div>
            <div
              className="css-nmxejy-InformationEntry"
            >
              <div
                className="css-7wq07p-InformationEntry"
              >
                <div
                  className="css-uoep3g-InformationEntry"
                >
                  sample_companies__detail_settings_email_signature_input
                </div>
                <div
                  className="css-ua6vj7-Icon"
                  dangerouslySetInnerHTML={
                    {
                      "__html": {},
                    }
                  }
                />
              </div>
              <div
                className="css-plf496-InformationEntry"
              >
                <div
                  className="overlay-edit-field css-1p2v2k9-OverlayEditField"
                >
                  <div
                    className="css-17fnltt-ReadonlyActionField"
                    data-testid="readonly-action-field"
                    onClick={[Function]}
                  >
                    <div
                      className="css-1bkess4-ReadonlyActionField"
                    />
                    <div
                      className="content-wrapper css-376q3o-ReadonlyActionField"
                    >
                      <div
                        className="content css-ci7wec-ReadonlyActionField"
                      >
                        <div
                          className="css-1h2eymq-InlineEditableTextarea"
                          onClick={[Function]}
                        >
                          <div
                            className="textarea css-1n5bn12-InlineEditableTextarea"
                            contentEditable={false}
                            suppressContentEditableWarning={true}
                          >
                            
                            <div
                              className="placeholder css-6bmbza-Text"
                            >
                              sample_companies__detail_settings_email_signature_input_placeholder
                            </div>
                          </div>
                          <div
                            className="hover-icon css-1pndqgp-Icon"
                            dangerouslySetInnerHTML={
                              {
                                "__html": {},
                              }
                            }
                          />
                        </div>
                      </div>
                    </div>
                  </div>
                </div>
              </div>
            </div>
          </div>
        </div>
      </div>
      <div
        className="css-1yt7gy2-Card"
      >
        <div
          className="card-header css-gx97a8-CardHeader"
        >
          <div
            className="css-6ffxwk-HeaderContentContainer"
          >
            <div
              className="css-1lrzij5-Icon"
              dangerouslySetInnerHTML={
                {
                  "__html": {},
                }
              }
            />
            <div
              className="css-1i6jmor-Heading"
            >
              sample_companies__detail_settings_email_domain_title
            </div>
          </div>
          <div
            className="css-vci41q-HeaderContentContainer"
          >
            <div
              className="css-0"
            >
              <button
                className="css-18ms12h-Button"
                disabled={true}
                onClick={[Function]}
              >
                <div
                  className="css-95j2hm-Button"
                >
                  <div
                    className="css-mj8vo1-Icon"
                    dangerouslySetInnerHTML={
                      {
                        "__html": {},
                      }
                    }
                  />
                </div>
              </button>
            </div>
          </div>
        </div>
        <div
          className="css-7cmc7n-HeaderContentContainer"
        >
          <div
            className="css-2hooq6-SampleCompanyDomainSignature"
          >
            <div
              className="css-17zbm7y-Text"
            >
              sample_companies__detail_settings_email_domain_desc_detail
            </div>
            <div
              className="css-1op4c0l-SampleCompanyDomainSignature"
            >
              <div
                className="css-1v0z0k-ReadonlyActionField"
                data-testid="readonly-action-field"
                onClick={[Function]}
              >
                <div
                  className="css-1bkess4-ReadonlyActionField"
                >
                  <div
                    className="css-47wnmy-ReadonlyActionField"
                  >
                    sample_companies__detail_settings_email_domain_title
                  </div>
                  <div
                    className="css-1mn1fi6-ReadonlyActionField"
                    dangerouslySetInnerHTML={
                      {
                        "__html": {},
                      }
                    }
                  />
                </div>
                <div
                  className="content-wrapper css-b45n67-ReadonlyActionField"
                >
                  <div
                    className="content css-1hje2zc-ReadonlyActionField"
                  >
                    <div
                      className="css-1bkess4-ReadonlyActionField"
                    >
                      <div
                        className="css-1y4zhp7-ReadonlyActionField"
                      >
                        sample_companies__detail_settings_email_signature_input_placeholder_example
                      </div>
                    </div>
                  </div>
                  <button
                    className="readonly-action-button css-4nv627-Button"
                    disabled={false}
                    onClick={[Function]}
                  >
                    <div
                      className="css-95j2hm-Button"
                    >
                      email__reception_delay_button_edit
                    </div>
                  </button>
                </div>
              </div>
              <div
                className="css-1fcs46k-Icon"
                dangerouslySetInnerHTML={
                  {
                    "__html": {},
                  }
                }
              />
              <div
                className="css-156ssgf-ReadonlyActionField"
                data-testid="readonly-action-field"
              >
                <div
                  className="css-1bkess4-ReadonlyActionField"
                >
                  <div
                    className="css-47wnmy-ReadonlyActionField"
                  >
                    sample_companies__detail_settings_email_domain_generated
                  </div>
                </div>
                <div
                  className="content-wrapper css-b45n67-ReadonlyActionField"
                >
                  <div
                    className="content css-1147qp7-ReadonlyActionField"
                  >
                    <div
                      className="css-1bkess4-ReadonlyActionField"
                    >
                      <div
                        className="css-1y4zhp7-ReadonlyActionField"
                      >
                        sample_companies__detail_settings_email_domain_generated_example
                      </div>
                    </div>
                  </div>
                </div>
              </div>
            </div>
          </div>
        </div>
      </div>
    </div>
  </div>
</div>
`;
