// Jest Snapshot v1, https://goo.gl/fbAQLP

exports[`SelectLocalFiles renders correctly 1`] = `
<div>
  <div
    className="css-0"
  >
    <div
      className="css-1i8w75j-Text"
    >
      files_and_directories__upload_modal_file_typ_text_plural
    </div>
    <div
      className="css-1abrcxf-AcceptedFileTypes"
    >
      <div
        className="css-170cyps-AcceptedFileTypes"
      >
        <div
          className="css-ijll0b-Icon"
          dangerouslySetInnerHTML={
            {
              "__html": {},
            }
          }
        />
        <div
          className="css-1i6jmor-Heading"
        >
          files_and_directories__file_type_image
        </div>
        <div
          className="css-oxkgat-Heading"
        >
          (.jpg,.svg,.png,.jpeg,.gif)
        </div>
      </div>
    </div>
  </div>
  <div
    className="file-dropzone css-auceo1-SelectLocalFiles"
  >
    <div
      className="upload-section css-0"
    >
      <div
        className="css-13s2sfk-Heading"
      >
        files_and_directories__upload_modal_upload_title
      </div>
      <div
        className="css-mjzfxx-UploadSection"
      >
        <div
          className="file-dropzone-wrapper css-pxpmki-FileDropzone"
          onBlur={null}
          onClick={[Function]}
          onDragEnter={[Function]}
          onDragLeave={[Function]}
          onDragOver={[Function]}
          onDrop={[Function]}
          onFocus={null}
          onKeyDown={null}
          role="presentation"
        >
          <input
            accept="image/*,.jpg,.svg,.png,.jpeg,.gif"
            disabled={false}
            multiple={true}
            onChange={[Function]}
            onClick={[Function]}
            style={
              {
                "display": "none",
              }
            }
            tabIndex={-1}
            type="file"
          />
          <div
            className="css-vq2l7y-Text"
          >
            <span>
              <span
                className=""
              >
                files_and_directories__upload_modal_file_size_hint_plural
              </span>
            </span>
          </div>
          <div
            className="css-1oed4f3-Text"
          >
            files_and_directories__upload_modal_choose_file
          </div>
        </div>
      </div>
    </div>
  </div>
  <div
    className="upload-section css-ilrcou-UploadSection"
  >
    <div
      className="css-13s2sfk-Heading"
    >
      files_and_directories__upload_modal_create_text_document
    </div>
    <div
      className="css-mjzfxx-UploadSection"
    >
      <div
        className="css-1qajxhj-CreateTextDocument"
      >
        <div
          className="css-pnw63n-Text"
        >
          text_editor__create_message
        </div>
        <button
          className="css-hk67eh-Button"
          disabled={false}
          onClick={[Function]}
        >
          <div
            className="css-95j2hm-Button"
          >
            <div
              className="css-kuxry5-Icon"
              dangerouslySetInnerHTML={
                {
                  "__html": {},
                }
              }
            />
            text_editor__create_button
          </div>
        </button>
      </div>
    </div>
  </div>
  <div
    className="upload-section css-ilrcou-UploadSection"
  >
    <div
      className="css-13s2sfk-Heading"
    >
      files_and_directories__upload_modal_added_files
    </div>
    <div
      className="css-mjzfxx-UploadSection"
    >
      <div
        className="local-files-placeholder css-alyq2x-SelectLocalFiles"
        data-testid="local-files-placeholder"
      >
        <div>
          <div
            className="css-1f6p2vj-Heading"
          >
            files_and_directories__upload_modal_no_files_selected
          </div>
          <div
            className="css-a2d8j9-Text"
          >
            files_and_directories__upload_modal_no_files_selected_hint
          </div>
        </div>
      </div>
    </div>
  </div>
</div>
`;
