// Jest Snapshot v1, https://goo.gl/fbAQLP

exports[`inline-editable-header renders correctly 1`] = `
<div
  className="css-1iw6hgd-Overlay"
>
  <div>
    <div
      className="css-16c3j3g-Modal"
    >
      <header
        className="css-14sl779-Modal"
      >
        <div
          className="css-1f6p2vj-Heading"
        >
          Test Title
        </div>
        <div
          className="css-12vbzj8-Icon"
          dangerouslySetInnerHTML={
            {
              "__html": {},
            }
          }
          onClick={[MockFunction]}
        />
      </header>
      <section
        className="css-1gs9x9w-Modal"
      >
        <div
          className="css-1patgt2-ImageUploadModal"
        >
          <input
            accept="image/*"
            onChange={[Function]}
            type="file"
          />
        </div>
      </section>
      <footer
        className="css-ukdqb3-Modal"
      >
        <button
          className="cancel-button css-a1i4d5-Button"
          disabled={false}
          onClick={[Function]}
        >
          <div
            className="css-95j2hm-Button"
          >
            cancel_button
          </div>
        </button>
        <button
          className="confirm-button css-1ex7tyh-Button"
          disabled={true}
          onClick={[Function]}
        >
          <div
            className="css-95j2hm-Button"
          >
            brand_name
          </div>
        </button>
      </footer>
    </div>
  </div>
</div>
`;
