// Jest Snapshot v1, https://goo.gl/fbAQLP

exports[`information renders correctly 1`] = `
<div
  className="css-7xxyfm-DetailViewCard"
>
  <div
    className="css-1dmlxz8-Card"
  >
    <div
      className="card-content css-1vlljjy-DetailViewCard"
    >
      <div
        className="css-19cn8l-SampleCompanyInformation"
      >
        <div
          className="css-3ig7m-SampleCompanyInformation"
        >
          <div
            className="css-dkoub8-InformationMainContent"
          >
            <div
              className="css-rk0bsg-InformationMainContent"
            >
              <div
                className="css-1dorrnj-InformationEntry"
              >
                <div
                  className="css-7wq07p-InformationEntry"
                >
                  <div
                    className="css-uoep3g-InformationEntry"
                  >
                    sample_companies__detail_general_information_company_name
                  </div>
                  <div
                    className="css-ua6vj7-Icon"
                    dangerouslySetInnerHTML={
                      {
                        "__html": {},
                      }
                    }
                  />
                </div>
                <div
                  className="css-plf496-InformationEntry"
                >
                  <div
                    className="css-1yd1ni8-InlineEditableHeader"
                  >
                    <div>
                      <form
                        className="css-1c5ej61-InlineEditableHeader"
                        onBlur={[Function]}
                        onSubmit={[Function]}
                      >
                        <div
                          className="css-pl4s5v-InlineEditableHeader"
                          onClick={[Function]}
                        >
                          <div
                            className="css-1iwo50k"
                            onMouseEnter={[Function]}
                            onMouseLeave={[Function]}
                          >
                            <div
                              className="css-nrul0i"
                            >
                              <input
                                className="css-q6vozw"
                                defaultValue="Company 1"
                                disabled={false}
                                onBlur={[Function]}
                                onChange={[Function]}
                                onFocus={[Function]}
                                readOnly={true}
                                type="text"
                              />
                            </div>
                          </div>
                          <div
                            className="hover-icon css-16vb3lw-Icon"
                            dangerouslySetInnerHTML={
                              {
                                "__html": {},
                              }
                            }
                          />
                        </div>
                      </form>
                    </div>
                  </div>
                </div>
              </div>
              <div
                className="css-1qyc3pw-InformationEntry"
              >
                <div
                  className="css-7wq07p-InformationEntry"
                >
                  <div
                    className="css-uoep3g-InformationEntry"
                  >
                    sample_companies__detail_general_information_company_description
                  </div>
                  <div
                    className="css-ua6vj7-Icon"
                    dangerouslySetInnerHTML={
                      {
                        "__html": {},
                      }
                    }
                  />
                </div>
                <div
                  className="css-plf496-InformationEntry"
                >
                  <div
                    className="overlay-edit-field css-0"
                  >
                    <div
                      className="css-1kjt8hf-ReadonlyActionField"
                      data-testid="readonly-action-field"
                      onClick={[Function]}
                    >
                      <div
                        className="css-1bkess4-ReadonlyActionField"
                      />
                      <div
                        className="content-wrapper css-376q3o-ReadonlyActionField"
                      >
                        <div
                          className="content css-ci7wec-ReadonlyActionField"
                        >
                          <div
                            className="css-1h2eymq-InlineEditableTextarea"
                            onClick={[Function]}
                          >
                            <div
                              className="textarea css-1n5bn12-InlineEditableTextarea"
                              contentEditable={false}
                              suppressContentEditableWarning={true}
                            >
                              Company 1 Description
                            </div>
                            <div
                              className="hover-icon css-1pndqgp-Icon"
                              dangerouslySetInnerHTML={
                                {
                                  "__html": {},
                                }
                              }
                            />
                          </div>
                        </div>
                      </div>
                    </div>
                  </div>
                </div>
              </div>
            </div>
            <div
              className="css-hgwqdd-InformationMainContent"
            >
              <div
                className="overlay-edit-field css-ygihyl-OverlayEditField"
              >
                <div
                  className="css-1v0z0k-ReadonlyActionField"
                  data-testid="readonly-action-field"
                  onClick={[Function]}
                >
                  <div
                    className="css-1bkess4-ReadonlyActionField"
                  >
                    <div
                      className="css-47wnmy-ReadonlyActionField"
                    >
                      scenario_details__general_tags
                    </div>
                  </div>
                  <div
                    className="content-wrapper css-b45n67-ReadonlyActionField"
                  >
                    <div
                      className="content css-1hje2zc-ReadonlyActionField"
                    >
                      <div
                        className="css-qd58jk-ReadonlyActionField"
                      >
                        <div
                          className="css-1m6ra3k-ReadonlyActionField"
                        >
                          <div
                            className="css-170ri7w-Tag"
                          >
                            <div
                              className="css-679xbj-Text"
                            >
                              Tag_1
                            </div>
                          </div>
                        </div>
                        <div
                          className="css-1m6ra3k-ReadonlyActionField"
                        >
                          <div
                            className="css-170ri7w-Tag"
                          >
                            <div
                              className="css-679xbj-Text"
                            >
                              Tag_2
                            </div>
                          </div>
                        </div>
                      </div>
                    </div>
                    <button
                      className="readonly-action-button css-4nv627-Button"
                      disabled={false}
                      onClick={[Function]}
                    >
                      <div
                        className="css-95j2hm-Button"
                      >
                        edit_button
                      </div>
                    </button>
                  </div>
                </div>
              </div>
            </div>
          </div>
        </div>
        <div
          className="css-zt017b-SampleCompanyInformation"
        >
          <div
            className="css-duw6bf-InformationBinaryContent"
          >
            <div
              className="css-m8v3fy-InformationBinaryContent"
            >
              <div
                className="detail-view-binary"
              >
                <div
                  className="css-i8kvhr-DetailViewBinary"
                >
                  <div>
                    <div
                      className="css-qidqnc-Paper"
                    >
                      sample_companies__logo_label
                    </div>
                    <div
                      className="css-xjcny2-Paper"
                      title="sample_companies__logo_label"
                    >
                      <div
                        className="css-1lddm97-DetailViewBinary"
                      >
                        <div
                          className="css-10x1cs7-ContentImage"
                        >
                          <div
                            className="image css-3jaw6m-ContentImage"
                          />
                          <div
                            className="remove-overlay css-1jthtq6-DetailViewBinary"
                          >
                            <button
                              className="css-13x3l2r-Button"
                              disabled={false}
                              onClick={[Function]}
                            >
                              <div
                                className="css-95j2hm-Button"
                              >
                                <div
                                  className="css-b32040-Icon"
                                  dangerouslySetInnerHTML={
                                    {
                                      "__html": {},
                                    }
                                  }
                                />
                              </div>
                            </button>
                          </div>
                        </div>
                      </div>
                    </div>
                  </div>
                </div>
              </div>
            </div>
            <div
              className="css-184ohm3-InformationBinaryContent"
            >
              <div
                className="css-1v0z0k-ReadonlyActionField"
                data-testid="readonly-action-field"
              >
                <div
                  className="css-1bkess4-ReadonlyActionField"
                >
                  <div
                    className="css-47wnmy-ReadonlyActionField"
                  >
                    sample_companies__detail_general_information_company_intro
                  </div>
                </div>
                <div
                  className="content-wrapper css-b45n67-ReadonlyActionField"
                >
                  <div
                    className="content css-1147qp7-ReadonlyActionField"
                  >
                    <div
                      className="css-1u9punp-InformationBinaryContent"
                    >
                      <div
                        className="css-1x8pqbb-InformationBinaryContent"
                      >
                        <div
                          className="css-1dh174l-Icon"
                          dangerouslySetInnerHTML={
                            {
                              "__html": {},
                            }
                          }
                        />
                        <div
                          className="css-17zbm7y-Text"
                        >
                          files_and_directories__file_type_pdf
                        </div>
                      </div>
                      <div
                        className="css-q9ofbt-Heading"
                        onClick={[Function]}
                      >
                        edit_button
                      </div>
                    </div>
                  </div>
                </div>
              </div>
            </div>
          </div>
        </div>
      </div>
    </div>
  </div>
</div>
`;
