// Jest Snapshot v1, https://goo.gl/fbAQLP

exports[`attendee-dashboard renders correctly 1`] = `
<div
  className="css-rjbtq0-ParticipantOverview"
>
  <div
    className="css-63bajj-Card"
  >
    <div
      className="card-header css-szn5yk-CardHeader"
    >
      <div
        className="css-1neywq1-ParticipantOverview"
      >
        <div
          className="css-8z5fop-Icon"
          dangerouslySetInnerHTML={
            {
              "__html": {},
            }
          }
        />
        Hasheem Pollastrino
      </div>
    </div>
    <div
      className="card-content css-17wb9tj-CardContent"
    >
      <div
        className="css-njxlss-LabelledCard"
      >
        <div
          className="css-lz4b3k-Label"
        >
          dashboard__attendee_information_title
        </div>
        <div
          className="css-hnloos-Card"
        >
          <div
            className="css-156ssgf-ReadonlyActionField"
            data-testid="readonly-action-field"
          >
            <div
              className="css-1bkess4-ReadonlyActionField"
            >
              <div
                className="css-47wnmy-ReadonlyActionField"
              >
                dashboard__attendee_salutation_label
              </div>
            </div>
            <div
              className="content-wrapper css-b45n67-ReadonlyActionField"
            >
              <div
                className="content css-1147qp7-ReadonlyActionField"
              >
                mr
              </div>
            </div>
          </div>
          <div
            className="css-156ssgf-ReadonlyActionField"
            data-testid="readonly-action-field"
          >
            <div
              className="css-1bkess4-ReadonlyActionField"
            >
              <div
                className="css-47wnmy-ReadonlyActionField"
              >
                dashboard__attendee_attendee_label
              </div>
            </div>
            <div
              className="content-wrapper css-b45n67-ReadonlyActionField"
            >
              <div
                className="content css-1147qp7-ReadonlyActionField"
              >
                Hasheem Pollastrino
              </div>
            </div>
          </div>
          <div
            className="css-156ssgf-ReadonlyActionField"
            data-testid="readonly-action-field"
          >
            <div
              className="css-1bkess4-ReadonlyActionField"
            >
              <div
                className="css-47wnmy-ReadonlyActionField"
              >
                dashboard__attendee_attendee_index
              </div>
            </div>
            <div
              className="content-wrapper css-b45n67-ReadonlyActionField"
            >
              <div
                className="content css-1147qp7-ReadonlyActionField"
              >
                1
              </div>
            </div>
          </div>
          <div
            className="css-156ssgf-ReadonlyActionField"
            data-testid="readonly-action-field"
          >
            <div
              className="css-1bkess4-ReadonlyActionField"
            >
              <div
                className="css-47wnmy-ReadonlyActionField"
              >
                dashboard__attendee_attendee_token
              </div>
            </div>
            <div
              className="content-wrapper css-b45n67-ReadonlyActionField"
            >
              <div
                className="content css-1147qp7-ReadonlyActionField"
              >
                <div
                  className="css-xfs6qm-Tooltip"
                  id="tooltip_42"
                  onClick={[Function]}
                >
                  <div
                    className="css-17zbm7y-Text"
                  >
                    sdaw
                  </div>
                  <div
                    className="copy-icon css-16kls7j-Icon"
                    dangerouslySetInnerHTML={
                      {
                        "__html": {},
                      }
                    }
                  />
                </div>
                <div
                  className="react-tooltip styles-module_tooltip__mnnfp styles-module_dark__xNqje css-10zyuev-Tooltip"
                  role="tooltip"
                  style={
                    {
                      "backgroundColor": "#2e3032",
                      "zIndex": 1,
                    }
                  }
                >
                  clipboard__copy
                  <div
                    className="react-tooltip-arrow styles-module_arrow__K0L3T"
                    style={{}}
                  />
                </div>
              </div>
            </div>
          </div>
        </div>
      </div>
      <div
        className="css-njxlss-LabelledCard"
      >
        <div
          className="css-lz4b3k-Label"
        >
          dashboard__attendee_progress_title
        </div>
        <div
          className="css-63bajj-Card"
        >
          <div
            className="css-18lu61u-Table"
          >
            <div
              className="css-1r9mhfr-Table"
            >
              <div
                className="css-fuywjr-Table"
              >
                <div
                  className="css-8050ac-Heading"
                >
                  dashboard__attendee_elements_header
                </div>
              </div>
              <div
                className="css-fuywjr-Table"
              >
                <div
                  className="css-8050ac-Heading"
                >
                  dashboard__attendee_type_header
                </div>
              </div>
              <div
                className="css-fuywjr-Table"
              >
                <div
                  className="css-8050ac-Heading"
                >
                  dashboard__attendee_status_header
                </div>
              </div>
              <div
                className="css-1mihvxg-Table"
              >
                <div
                  className="css-0"
                  id="tooltip_42"
                >
                  <div
                    className="css-l0jg45-Icon"
                    dangerouslySetInnerHTML={
                      {
                        "__html": {},
                      }
                    }
                  />
                </div>
                <div
                  className="react-tooltip styles-module_tooltip__mnnfp styles-module_dark__xNqje css-10zyuev-Tooltip"
                  role="tooltip"
                  style={
                    {
                      "backgroundColor": "#2e3032",
                      "zIndex": 1,
                    }
                  }
                >
                  reporting_participant_overview_final_score_tooltip
                  <div
                    className="react-tooltip-arrow styles-module_arrow__K0L3T"
                    style={{}}
                  />
                </div>
              </div>
            </div>
            <div
              className="css-tqgzls-Table"
            >
              <div
                className="css-1ihrgr1-Table"
              >
                <div
                  className="entity-row css-22vfow-Table"
                  onClick={[Function]}
                >
                  <div
                    className="css-fuywjr-Table"
                  >
                    1. Scenario 1
                  </div>
                  <div
                    className="css-fuywjr-Table"
                  >
                    <div
                      className="css-1xb98g0-Table"
                    >
                      <div
                        className="css-a72tya-Icon"
                        dangerouslySetInnerHTML={
                          {
                            "__html": {},
                          }
                        }
                      />
                      dashboard__attendee_type_scenario
                    </div>
                  </div>
                  <div
                    className="css-fuywjr-Table"
                  >
                    dashboard__attendee_status_completed
                  </div>
                  <div
                    className="css-1mihvxg-Table"
                  />
                </div>
              </div>
              <div
                className="css-1ihrgr1-Table"
              >
                <div
                  className="entity-row css-22vfow-Table"
                  onClick={[Function]}
                >
                  <div
                    className="css-fuywjr-Table"
                  >
                    2. Scenario 2
                  </div>
                  <div
                    className="css-fuywjr-Table"
                  >
                    <div
                      className="css-1xb98g0-Table"
                    >
                      <div
                        className="css-a72tya-Icon"
                        dangerouslySetInnerHTML={
                          {
                            "__html": {},
                          }
                        }
                      />
                      dashboard__attendee_type_scenario
                    </div>
                  </div>
                  <div
                    className="css-fuywjr-Table"
                  >
                    dashboard__attendee_status_progressing
                  </div>
                  <div
                    className="css-1mihvxg-Table"
                  />
                </div>
              </div>
              <div
                className="css-1ihrgr1-Table"
              >
                <div
                  className="entity-row css-22vfow-Table"
                  onClick={[Function]}
                >
                  <div
                    className="css-fuywjr-Table"
                  >
                    3. Scenario 2
                  </div>
                  <div
                    className="css-fuywjr-Table"
                  >
                    <div
                      className="css-1xb98g0-Table"
                    >
                      <div
                        className="css-a72tya-Icon"
                        dangerouslySetInnerHTML={
                          {
                            "__html": {},
                          }
                        }
                      />
                      dashboard__attendee_type_scenario
                    </div>
                  </div>
                  <div
                    className="css-fuywjr-Table"
                  >
                    dashboard__attendee_status_open
                  </div>
                  <div
                    className="css-1mihvxg-Table"
                  />
                </div>
              </div>
            </div>
          </div>
          <div
            className="card-footer css-kp3hs3-CardFooter"
          />
        </div>
      </div>
    </div>
    <div
      className="card-footer css-kp3hs3-CardFooter"
    />
  </div>
</div>
`;
