// Jest Snapshot v1, https://goo.gl/fbAQLP

exports[`spreadsheet-input-value-footer renders correctly 1`] = `
<div
  className="css-qs6aqy-SelectionInPreviewFooter"
>
  <div
    className="css-1nc3kou-Label"
  >
    coding_models__automated_item_input_value_preview_spreadsheet_title
  </div>
  <div
    className="card-wrapper css-160r133-SelectionInPreviewFooter"
  >
    <div
      className="css-1gm10pm-SelectionInPreviewFooter"
    >
      <div
        className="css-1lrzij5-Icon"
        dangerouslySetInnerHTML={
          {
            "__html": {},
          }
        }
      />
      <div
        className="css-1f6p2vj-Heading"
      >
        fileName.xls coding_models__automated_item_input_value_preview_spreadsheet_title_check_file_input
      </div>
    </div>
    <div
      className="css-100l0bw-SelectionInPreviewFooter"
    >
      <div
        className="css-fmthw-Text"
      >
        coding_models__automated_item_input_value_preview_spreadsheet_text_table
      </div>
    </div>
    <div
      className="css-dizc7g-InputValueCriterionSpreadsheetFooter"
    >
      <div
        className="css-17as3x0"
        onMouseEnter={[Function]}
        onMouseLeave={[Function]}
      >
        <div
          className="css-13s2sfk-Heading"
        >
          coding_models__automated_item_input_value_value
        </div>
        <div
          className="css-1unfqpo"
        >
          <input
            className="css-pkbj54"
            defaultValue=""
            disabled={false}
            name="value"
            onBlur={[Function]}
            onChange={[Function]}
            onFocus={[Function]}
            type="text"
          />
        </div>
      </div>
      <div
        className="css-1wc1yin"
        data-testid="custom-select"
      >
        <div
          className="css-0"
        />
        <div
          className="css-18vooac"
          onMouseEnter={[Function]}
          onMouseLeave={[Function]}
        >
          <div
            className="custom-select"
          >
            MockedSelect
          </div>
        </div>
      </div>
      <div
        className="css-1e6jpai-InputValueCriterionSpreadsheetFooter"
      >
        <div
          className="css-17as3x0"
          onMouseEnter={[Function]}
          onMouseLeave={[Function]}
        >
          <div
            className="css-1unfqpo"
          >
            <input
              className="css-pkbj54"
              defaultValue="A1"
              disabled={true}
              onBlur={[Function]}
              onChange={[Function]}
              onFocus={[Function]}
              type="text"
            />
          </div>
        </div>
      </div>
      <button
        className="css-13t6j5m-Button"
        disabled={false}
        onClick={[Function]}
      >
        <div
          className="css-95j2hm-Button"
        >
          confirm_button
        </div>
      </button>
    </div>
  </div>
</div>
`;
