// Jest Snapshot v1, https://goo.gl/fbAQLP

exports[`email-directory-detail renders correctly 1`] = `
<div
  className="css-63bajj-Card"
>
  <div
    className="card-header css-13nbzsf-CardHeader"
  >
    <div
      className="css-17beenm-DetailHeader"
    >
      <div
        className="css-1lrzij5-Icon"
        dangerouslySetInnerHTML={
          {
            "__html": {},
          }
        }
      />
      <div
        className="css-1i6jmor-Heading"
      >
        Bilder
      </div>
    </div>
    <div
      className="css-ntx7po-DetailHeader"
    />
  </div>
  <div
    className="card-content css-1jmtdz2-CardContent"
  >
    <div
      className="css-145gmxd-HintText"
    >
      <div
        className="css-cj5xss-Icon"
        dangerouslySetInnerHTML={
          {
            "__html": {},
          }
        }
      />
      <div
        className="css-fmthw-Text"
      >
        files_and_directories__downloads_hint
      </div>
    </div>
    <div
      className="css-auhw68-EmailFilesDirectoryDetail"
    >
      <div>
        <div
          className="css-hygolj-EmailFilesDirectoryDetail"
        >
          <div
            className="css-13s2sfk-Heading"
          >
            files_and_directories__rename_directory_label
          </div>
          <div
            className="css-90pi43-Icon"
            dangerouslySetInnerHTML={
              {
                "__html": {},
              }
            }
          />
        </div>
        <div
          className="css-ryq9y7-InlineEditableHeader"
        >
          <div>
            <form
              className="css-1c5ej61-InlineEditableHeader"
              onBlur={[Function]}
              onSubmit={[Function]}
            >
              <div
                className="css-1boxw9s-InlineEditableHeader"
              >
                <div
                  className="css-1iwo50k"
                  onMouseEnter={[Function]}
                  onMouseLeave={[Function]}
                >
                  <div
                    className="css-nrul0i"
                  >
                    <input
                      className="css-2j0qcg"
                      defaultValue="Bilder"
                      disabled={false}
                      onBlur={[Function]}
                      onChange={[Function]}
                      onFocus={[Function]}
                      readOnly={true}
                      type="text"
                    />
                  </div>
                </div>
                <div
                  className="hover-icon css-16vb3lw-Icon"
                  dangerouslySetInnerHTML={
                    {
                      "__html": {},
                    }
                  }
                />
              </div>
            </form>
          </div>
        </div>
      </div>
    </div>
    <div
      className="css-n9iuhz-Heading"
    >
      files_and_directories__downloads_mail_files
       (
      1
      )
    </div>
    <div
      className="css-1k019l2-Table"
    >
      <div
        className="css-1r9mhfr-Table"
      >
        <div
          className="css-fuywjr-Table"
        >
          <div
            className="css-8050ac-Heading"
          >
            email__files_table_column_file
          </div>
        </div>
        <div
          className="css-fuywjr-Table"
        >
          <div
            className="css-8050ac-Heading"
          >
            files_and_directories__downloads_mail_dispatch_time
          </div>
        </div>
        <div
          className="css-1q09lqz-Table"
        >
          <div
            className="css-8050ac-Heading"
          >
            email_short
          </div>
        </div>
      </div>
      <div
        className="css-tqgzls-Table"
      >
        <div
          className="css-1ihrgr1-Table"
        >
          <div
            className="entity-row css-22vfow-Table"
            onClick={[Function]}
          >
            <div
              className="css-fuywjr-Table"
            >
              <div
                className="css-1cky3ub-Columns"
              >
                <div
                  className="css-zphlsu-Column"
                >
                  <div
                    className="css-l0jg45-Icon"
                    dangerouslySetInnerHTML={
                      {
                        "__html": {},
                      }
                    }
                  />
                </div>
                <div
                  className="css-xaphmo-Column"
                >
                  
                </div>
              </div>
            </div>
            <div
              className="css-fuywjr-Table"
            >
              <div
                className="css-lz4b3k-Label"
              >
                + 5 unit__seconds_plural
              </div>
            </div>
            <div
              className="css-1q09lqz-Table"
            >
              <div
                className="css-1cky3ub-Columns"
              >
                <div
                  className="css-zphlsu-Column"
                >
                  <div
                    className="css-l0jg45-Icon"
                    dangerouslySetInnerHTML={
                      {
                        "__html": {},
                      }
                    }
                  />
                </div>
                <div
                  className="css-xaphmo-Column"
                >
                  sdds
                </div>
              </div>
            </div>
          </div>
        </div>
      </div>
    </div>
  </div>
</div>
`;
