// Jest Snapshot v1, https://goo.gl/fbAQLP

exports[`user-table renders correctly 1`] = `
[
  <div
    className="css-18lu61u-Table"
  >
    <div
      className="css-1r9mhfr-Table"
    >
      <div
        className="css-9zrbuf-Table"
      >
        <div
          className="css-1r83xcx-UserTable"
        >
          <div
            className="css-8050ac-Heading"
          >
            user_management__table_header_username
          </div>
        </div>
        <div
          className="css-1wnpft0-Icon"
          dangerouslySetInnerHTML={
            {
              "__html": {},
            }
          }
          onClick={[Function]}
        />
      </div>
      <div
        className="css-dqji2l-Table"
      >
        <div
          className="css-1r83xcx-UserTable"
        >
          <div
            className="css-8050ac-Heading"
          >
            user_management__table_header_salutation
          </div>
        </div>
        <div
          className="css-1wnpft0-Icon"
          dangerouslySetInnerHTML={
            {
              "__html": {},
            }
          }
          onClick={[Function]}
        />
      </div>
      <div
        className="css-9zrbuf-Table"
      >
        <div
          className="css-1r83xcx-UserTable"
        >
          <div
            className="css-8050ac-Heading"
          >
            user_management__table_header_e_mail
          </div>
        </div>
        <div
          className="css-1wnpft0-Icon"
          dangerouslySetInnerHTML={
            {
              "__html": {},
            }
          }
          onClick={[Function]}
        />
      </div>
      <div
        className="css-9zrbuf-Table"
      >
        <div
          className="css-1r83xcx-UserTable"
        >
          <div
            className="css-8050ac-Heading"
          >
            user_management__table_header_organisation
          </div>
        </div>
        <div
          className="css-1wnpft0-Icon"
          dangerouslySetInnerHTML={
            {
              "__html": {},
            }
          }
          onClick={[Function]}
        />
      </div>
      <div
        className="css-tmylc0-Table"
      >
        <div
          className="css-1r83xcx-UserTable"
        >
          <div
            className="css-8050ac-Heading"
          >
            user_management__table_header_rights
          </div>
        </div>
      </div>
    </div>
    <div
      className="css-1c0sdv6-Table"
    >
      <div
        className="css-1ihrgr1-Table"
      >
        <div
          className="entity-row css-ka002s-Table"
          onClick={[Function]}
        >
          <div
            className="css-i8bxfr-Table"
          >
            <div
              className="css-4p5nsx-Text"
            >
              John Doe
            </div>
          </div>
          <div
            className="css-1cmz2cy-Table"
          >
            <div
              className="css-4p5nsx-Text"
            >
              mr
            </div>
          </div>
          <div
            className="css-i8bxfr-Table"
          >
            <div
              className="css-4p5nsx-Text"
            >
              test-user@cap3.de
            </div>
          </div>
          <div
            className="css-i8bxfr-Table"
          >
            <div
              className="css-4p5nsx-Text"
            >
              Cap3 GmbH
            </div>
          </div>
          <div
            className="css-89rdkq-Table"
          >
            <div
              className="css-fkfawp-UserTableClaimsField"
            >
              <div
                className="css-405rwj-UserTableClaimsField"
              >
                <div
                  className="css-1p4ztl7-Icon"
                  dangerouslySetInnerHTML={
                    {
                      "__html": {},
                    }
                  }
                />
                <div
                  className="css-1e7acge-Text"
                >
                  user_management__filter_label_management
                </div>
              </div>
              <div
                className="css-405rwj-UserTableClaimsField"
              >
                <div
                  className="css-1p4ztl7-Icon"
                  dangerouslySetInnerHTML={
                    {
                      "__html": {},
                    }
                  }
                />
                <div
                  className="css-1e7acge-Text"
                >
                  user_management__filter_label_archive
                </div>
              </div>
              <div
                className="css-405rwj-UserTableClaimsField"
              >
                <div
                  className="css-1p4ztl7-Icon"
                  dangerouslySetInnerHTML={
                    {
                      "__html": {},
                    }
                  }
                />
                <div
                  className="css-1e7acge-Text"
                >
                  user_management__filter_label_finalize
                </div>
              </div>
              <div
                className="css-405rwj-UserTableClaimsField"
              >
                <div
                  className="css-1p4ztl7-Icon"
                  dangerouslySetInnerHTML={
                    {
                      "__html": {},
                    }
                  }
                />
                <div
                  className="css-1e7acge-Text"
                >
                  user_management__filter_label_r_scripts_short
                </div>
              </div>
            </div>
          </div>
        </div>
      </div>
      <div
        className="css-1ihrgr1-Table"
      >
        <div
          className="entity-row css-wn5go8-Table"
          onClick={[Function]}
        >
          <div
            className="css-i8bxfr-Table"
          >
            <div
              className="css-4p5nsx-Text"
            >
              Max Mustermann
            </div>
          </div>
          <div
            className="css-1cmz2cy-Table"
          >
            <div
              className="css-4p5nsx-Text"
            >
              mr
            </div>
          </div>
          <div
            className="css-i8bxfr-Table"
          >
            <div
              className="css-4p5nsx-Text"
            >
              max-mustermann@cap3.de
            </div>
          </div>
          <div
            className="css-i8bxfr-Table"
          >
            <div
              className="css-4p5nsx-Text"
            >
              Cap3 GmbH
            </div>
          </div>
          <div
            className="css-89rdkq-Table"
          >
            <div
              className="css-fkfawp-UserTableClaimsField"
            >
              <div
                className="css-405rwj-UserTableClaimsField"
              >
                <div
                  className="css-l0jg45-Icon"
                  dangerouslySetInnerHTML={
                    {
                      "__html": {},
                    }
                  }
                />
                <div
                  className="css-stcxn1-Text"
                >
                  user_management__filter_label_management
                </div>
              </div>
              <div
                className="css-405rwj-UserTableClaimsField"
              >
                <div
                  className="css-1p4ztl7-Icon"
                  dangerouslySetInnerHTML={
                    {
                      "__html": {},
                    }
                  }
                />
                <div
                  className="css-1e7acge-Text"
                >
                  user_management__filter_label_archive
                </div>
              </div>
              <div
                className="css-405rwj-UserTableClaimsField"
              >
                <div
                  className="css-1p4ztl7-Icon"
                  dangerouslySetInnerHTML={
                    {
                      "__html": {},
                    }
                  }
                />
                <div
                  className="css-1e7acge-Text"
                >
                  user_management__filter_label_finalize
                </div>
              </div>
              <div
                className="css-405rwj-UserTableClaimsField"
              >
                <div
                  className="css-1p4ztl7-Icon"
                  dangerouslySetInnerHTML={
                    {
                      "__html": {},
                    }
                  }
                />
                <div
                  className="css-1e7acge-Text"
                >
                  user_management__filter_label_r_scripts_short
                </div>
              </div>
            </div>
          </div>
        </div>
      </div>
      <div
        className="css-1ihrgr1-Table"
      >
        <div
          className="entity-row css-wn5go8-Table"
          onClick={[Function]}
        >
          <div
            className="css-i8bxfr-Table"
          >
            <div
              className="css-4p5nsx-Text"
            >
              Marianne Musterfrau
            </div>
          </div>
          <div
            className="css-1cmz2cy-Table"
          >
            <div
              className="css-4p5nsx-Text"
            >
              mrs
            </div>
          </div>
          <div
            className="css-i8bxfr-Table"
          >
            <div
              className="css-4p5nsx-Text"
            >
              marianne-musterfrau@cap3.de
            </div>
          </div>
          <div
            className="css-i8bxfr-Table"
          >
            <div
              className="css-4p5nsx-Text"
            >
              Cap3 GmbH
            </div>
          </div>
          <div
            className="css-89rdkq-Table"
          >
            <div
              className="css-fkfawp-UserTableClaimsField"
            >
              <div
                className="css-405rwj-UserTableClaimsField"
              >
                <div
                  className="css-1p4ztl7-Icon"
                  dangerouslySetInnerHTML={
                    {
                      "__html": {},
                    }
                  }
                />
                <div
                  className="css-1e7acge-Text"
                >
                  user_management__filter_label_management
                </div>
              </div>
              <div
                className="css-405rwj-UserTableClaimsField"
              >
                <div
                  className="css-1p4ztl7-Icon"
                  dangerouslySetInnerHTML={
                    {
                      "__html": {},
                    }
                  }
                />
                <div
                  className="css-1e7acge-Text"
                >
                  user_management__filter_label_archive
                </div>
              </div>
              <div
                className="css-405rwj-UserTableClaimsField"
              >
                <div
                  className="css-l0jg45-Icon"
                  dangerouslySetInnerHTML={
                    {
                      "__html": {},
                    }
                  }
                />
                <div
                  className="css-stcxn1-Text"
                >
                  user_management__filter_label_finalize
                </div>
              </div>
              <div
                className="css-405rwj-UserTableClaimsField"
              >
                <div
                  className="css-1p4ztl7-Icon"
                  dangerouslySetInnerHTML={
                    {
                      "__html": {},
                    }
                  }
                />
                <div
                  className="css-1e7acge-Text"
                >
                  user_management__filter_label_r_scripts_short
                </div>
              </div>
            </div>
          </div>
        </div>
      </div>
    </div>
  </div>,
  <div
    className="card-footer css-1cg7vz5-CardFooter"
  />,
]
`;
