// Jest Snapshot v1, https://goo.gl/fbAQLP

exports[`survey-period-selection renders correctly 1`] = `
<div
  className="css-64m3lp-SurveyPeriodSelection"
>
  <div
    className="css-8050ac-Heading"
  >
    projects__surveys_progress_section_label
  </div>
  <div
    className="css-x9g7u7-Controller"
  >
    <div
      className="css-lblbfe-Card"
      onClick={[Function]}
    >
      <div
        className="card-header css-1iar0dw-CardHeader"
      >
        <div>
          <div
            className="radio-button css-aqrmqg-RadioButton"
          >
            <div
              className="css-1dzk059-RadioButton"
            >
              <div
                className="css-1kv9hnx-RadioButton"
              >
                <div
                  className="css-7sxxnu-RadioButton"
                />
              </div>
            </div>
            <div
              className="css-1vmka8r-Heading"
            >
              projects__surveys_progress_automatic_label
            </div>
          </div>
          <div
            className="css-ho6ym7-Text"
          >
            projects__surveys_progress_automatic_hint
          </div>
        </div>
      </div>
      <div
        className="card-content css-36159x-CardContent"
      >
        <div
          className="css-1xftmas-CardContent"
        />
        <div
          className="css-19gxu1n-DateRangePicker"
        >
          <div
            className="css-lz4b3k-Label"
          >
            projects__survey_overlay_timerange_label
          </div>
          <div>
            Mocked Date Range Picker
          </div>
        </div>
        <div
          className="css-1kikv2d-Controller"
        >
          <div
            className="css-1erizni-Heading"
          >
            projects__surveys_trigger_asynchronous_label
          </div>
          <div
            className="css-fmthw-Text"
          >
            projects__surveys_trigger_asynchronous_hint
          </div>
        </div>
      </div>
    </div>
    <div
      className="css-1fiig8i-Card"
      onClick={[Function]}
    >
      <div
        className="card-header css-1iar0dw-CardHeader"
      >
        <div>
          <div
            className="radio-button css-aqrmqg-RadioButton"
          >
            <div
              className="css-1dzk059-RadioButton"
            >
              <div
                className="css-1kv9hnx-RadioButton"
              >
                <div
                  className="css-1lbkotz-RadioButton"
                />
              </div>
            </div>
            <div
              className="css-1vmka8r-Heading"
            >
              projects__surveys_progress_manual_label
            </div>
          </div>
          <div
            className="css-ho6ym7-Text"
          >
            projects__surveys_progress_manual_hint
          </div>
        </div>
        <div
          className="css-vrzvbi-Icon"
          dangerouslySetInnerHTML={
            {
              "__html": {},
            }
          }
        />
      </div>
      <div
        className="card-content css-36159x-CardContent"
      >
        <div
          className="css-kn79op-Controller"
        >
          <div>
            <div
              className="css-glwj89-Paper"
            >
              <div
                className="radio-button css-aqrmqg-RadioButton"
                onClick={[Function]}
              >
                <div
                  className="css-1dzk059-RadioButton"
                >
                  <div
                    className="css-1kv9hnx-RadioButton"
                  >
                    <div
                      className="css-7sxxnu-RadioButton"
                    />
                  </div>
                </div>
                <div
                  className="css-1vmka8r-Heading"
                >
                  projects__surveys_progress_manual_asynchronous_label
                </div>
              </div>
              <div
                className="css-fmthw-Text"
              >
                projects__surveys_progress_manual_asynchronous_hint
              </div>
            </div>
          </div>
          <div>
            <div
              className="css-glwj89-Paper"
            >
              <div
                className="radio-button css-aqrmqg-RadioButton"
                onClick={[Function]}
              >
                <div
                  className="css-1dzk059-RadioButton"
                >
                  <div
                    className="css-1kv9hnx-RadioButton"
                  >
                    <div
                      className="css-1lbkotz-RadioButton"
                    />
                  </div>
                </div>
                <div
                  className="css-1vmka8r-Heading"
                >
                  projects__surveys_progress_manual_synchronous_label
                </div>
              </div>
              <div
                className="css-fmthw-Text"
              >
                projects__surveys_progress_manual_synchronous_hint
              </div>
            </div>
          </div>
        </div>
      </div>
    </div>
  </div>
</div>
`;
